Archive member included to satisfy reference by file (symbol)

c:/st/stm32cubeide_1.3.0/stm32cubeide/plugins/com.st.stm32cube.ide.mcu.externaltools.gnu-tools-for-stm32.7-2018-q2-update.win32_1.5.0.202011040924/tools/bin/../lib/gcc/arm-none-eabi/7.3.1/../../../../arm-none-eabi/lib/thumb/v7e-m/fpv4-sp/hard\libstdc++_nano.a(new_op.o)
                              Core/Src/maincpp.o (operator new(unsigned int))
c:/st/stm32cubeide_1.3.0/stm32cubeide/plugins/com.st.stm32cube.ide.mcu.externaltools.gnu-tools-for-stm32.7-2018-q2-update.win32_1.5.0.202011040924/tools/bin/../lib/gcc/arm-none-eabi/7.3.1/../../../../arm-none-eabi/lib/thumb/v7e-m/fpv4-sp/hard\libstdc++_nano.a(new_handler.o)
                              c:/st/stm32cubeide_1.3.0/stm32cubeide/plugins/com.st.stm32cube.ide.mcu.externaltools.gnu-tools-for-stm32.7-2018-q2-update.win32_1.5.0.202011040924/tools/bin/../lib/gcc/arm-none-eabi/7.3.1/../../../../arm-none-eabi/lib/thumb/v7e-m/fpv4-sp/hard\libstdc++_nano.a(new_op.o) (std::get_new_handler())
c:/st/stm32cubeide_1.3.0/stm32cubeide/plugins/com.st.stm32cube.ide.mcu.externaltools.gnu-tools-for-stm32.7-2018-q2-update.win32_1.5.0.202011040924/tools/bin/../lib/gcc/arm-none-eabi/7.3.1/../../../../arm-none-eabi/lib/thumb/v7e-m/fpv4-sp/hard\libstdc++_nano.a(del_op.o)
                              Core/Src/maincpp.o (operator delete(void*))
c:/st/stm32cubeide_1.3.0/stm32cubeide/plugins/com.st.stm32cube.ide.mcu.externaltools.gnu-tools-for-stm32.7-2018-q2-update.win32_1.5.0.202011040924/tools/bin/../lib/gcc/arm-none-eabi/7.3.1/../../../../arm-none-eabi/lib/thumb/v7e-m/fpv4-sp/hard\libstdc++_nano.a(allocator-inst.o)
                              Core/Src/maincpp.o (std::allocator<char>::allocator())
c:/st/stm32cubeide_1.3.0/stm32cubeide/plugins/com.st.stm32cube.ide.mcu.externaltools.gnu-tools-for-stm32.7-2018-q2-update.win32_1.5.0.202011040924/tools/bin/../lib/gcc/arm-none-eabi/7.3.1/../../../../arm-none-eabi/lib/thumb/v7e-m/fpv4-sp/hard\libstdc++_nano.a(functexcept.o)
                              Core/Src/maincpp.o (std::__throw_bad_alloc())
c:/st/stm32cubeide_1.3.0/stm32cubeide/plugins/com.st.stm32cube.ide.mcu.externaltools.gnu-tools-for-stm32.7-2018-q2-update.win32_1.5.0.202011040924/tools/bin/../lib/gcc/arm-none-eabi/7.3.1/../../../../arm-none-eabi/lib/thumb/v7e-m/fpv4-sp/hard\libstdc++_nano.a(snprintf_lite.o)
                              c:/st/stm32cubeide_1.3.0/stm32cubeide/plugins/com.st.stm32cube.ide.mcu.externaltools.gnu-tools-for-stm32.7-2018-q2-update.win32_1.5.0.202011040924/tools/bin/../lib/gcc/arm-none-eabi/7.3.1/../../../../arm-none-eabi/lib/thumb/v7e-m/fpv4-sp/hard\libstdc++_nano.a(functexcept.o) (__gnu_cxx::__snprintf_lite(char*, unsigned int, char const*, std::__va_list))
c:/st/stm32cubeide_1.3.0/stm32cubeide/plugins/com.st.stm32cube.ide.mcu.externaltools.gnu-tools-for-stm32.7-2018-q2-update.win32_1.5.0.202011040924/tools/bin/../lib/gcc/arm-none-eabi/7.3.1/../../../../arm-none-eabi/lib/thumb/v7e-m/fpv4-sp/hard\libm.a(lib_a-s_sin.o)
                              Core/Src/maincpp.o (sin)
c:/st/stm32cubeide_1.3.0/stm32cubeide/plugins/com.st.stm32cube.ide.mcu.externaltools.gnu-tools-for-stm32.7-2018-q2-update.win32_1.5.0.202011040924/tools/bin/../lib/gcc/arm-none-eabi/7.3.1/../../../../arm-none-eabi/lib/thumb/v7e-m/fpv4-sp/hard\libm.a(lib_a-e_rem_pio2.o)
                              c:/st/stm32cubeide_1.3.0/stm32cubeide/plugins/com.st.stm32cube.ide.mcu.externaltools.gnu-tools-for-stm32.7-2018-q2-update.win32_1.5.0.202011040924/tools/bin/../lib/gcc/arm-none-eabi/7.3.1/../../../../arm-none-eabi/lib/thumb/v7e-m/fpv4-sp/hard\libm.a(lib_a-s_sin.o) (__ieee754_rem_pio2)
c:/st/stm32cubeide_1.3.0/stm32cubeide/plugins/com.st.stm32cube.ide.mcu.externaltools.gnu-tools-for-stm32.7-2018-q2-update.win32_1.5.0.202011040924/tools/bin/../lib/gcc/arm-none-eabi/7.3.1/../../../../arm-none-eabi/lib/thumb/v7e-m/fpv4-sp/hard\libm.a(lib_a-k_cos.o)
                              c:/st/stm32cubeide_1.3.0/stm32cubeide/plugins/com.st.stm32cube.ide.mcu.externaltools.gnu-tools-for-stm32.7-2018-q2-update.win32_1.5.0.202011040924/tools/bin/../lib/gcc/arm-none-eabi/7.3.1/../../../../arm-none-eabi/lib/thumb/v7e-m/fpv4-sp/hard\libm.a(lib_a-s_sin.o) (__kernel_cos)
c:/st/stm32cubeide_1.3.0/stm32cubeide/plugins/com.st.stm32cube.ide.mcu.externaltools.gnu-tools-for-stm32.7-2018-q2-update.win32_1.5.0.202011040924/tools/bin/../lib/gcc/arm-none-eabi/7.3.1/../../../../arm-none-eabi/lib/thumb/v7e-m/fpv4-sp/hard\libm.a(lib_a-k_rem_pio2.o)
                              c:/st/stm32cubeide_1.3.0/stm32cubeide/plugins/com.st.stm32cube.ide.mcu.externaltools.gnu-tools-for-stm32.7-2018-q2-update.win32_1.5.0.202011040924/tools/bin/../lib/gcc/arm-none-eabi/7.3.1/../../../../arm-none-eabi/lib/thumb/v7e-m/fpv4-sp/hard\libm.a(lib_a-e_rem_pio2.o) (__kernel_rem_pio2)
[...]
Memory Configuration

Name             Origin             Length             Attributes
CCMRAM           0x0000000010000000 0x0000000000010000 xrw
RAM              0x0000000020000000 0x0000000000020000 xrw
FLASH            0x0000000008000000 0x0000000000100000 xr
*default*        0x0000000000000000 0xffffffffffffffff

Linker script and memory map

LOAD c:/st/stm32cubeide_1.3.0/stm32cubeide/plugins/com.st.stm32cube.ide.mcu.externaltools.gnu-tools-for-stm32.7-2018-q2-update.win32_1.5.0.202011040924/tools/bin/../lib/gcc/arm-none-eabi/7.3.1/thumb/v7e-m/fpv4-sp/hard/crti.o
LOAD c:/st/stm32cubeide_1.3.0/stm32cubeide/plugins/com.st.stm32cube.ide.mcu.externaltools.gnu-tools-for-stm32.7-2018-q2-update.win32_1.5.0.202011040924/tools/bin/../lib/gcc/arm-none-eabi/7.3.1/thumb/v7e-m/fpv4-sp/hard/crtbegin.o
LOAD c:/st/stm32cubeide_1.3.0/stm32cubeide/plugins/com.st.stm32cube.ide.mcu.externaltools.gnu-tools-for-stm32.7-2018-q2-update.win32_1.5.0.202011040924/tools/bin/../lib/gcc/arm-none-eabi/7.3.1/../../../../arm-none-eabi/lib/thumb/v7e-m/fpv4-sp/hard/crt0.o
LOAD Core/Src/lcd.o
LOAD Core/Src/main.o
LOAD Core/Src/maincpp.o
LOAD Core/Src/schedule.o
LOAD Core/Src/stm32f4xx_hal_msp.o
LOAD Core/Src/stm32f4xx_it.o
LOAD Core/Src/syscalls.o
LOAD Core/Src/sysmem.o
LOAD Core/Src/system_stm32f4xx.o
LOAD Core/Startup/startup_stm32f407vgtx.o
LOAD Drivers/STM32F4xx_HAL_Driver/Src/stm32f4xx_hal.o
LOAD Drivers/STM32F4xx_HAL_Driver/Src/stm32f4xx_hal_adc.o
LOAD Drivers/STM32F4xx_HAL_Driver/Src/stm32f4xx_hal_adc_ex.o
LOAD Drivers/STM32F4xx_HAL_Driver/Src/stm32f4xx_hal_cortex.o
LOAD Drivers/STM32F4xx_HAL_Driver/Src/stm32f4xx_hal_dma.o
LOAD Drivers/STM32F4xx_HAL_Driver/Src/stm32f4xx_hal_dma_ex.o
LOAD Drivers/STM32F4xx_HAL_Driver/Src/stm32f4xx_hal_exti.o
LOAD Drivers/STM32F4xx_HAL_Driver/Src/stm32f4xx_hal_flash.o
LOAD Drivers/STM32F4xx_HAL_Driver/Src/stm32f4xx_hal_flash_ex.o
LOAD Drivers/STM32F4xx_HAL_Driver/Src/stm32f4xx_hal_flash_ramfunc.o
LOAD Drivers/STM32F4xx_HAL_Driver/Src/stm32f4xx_hal_gpio.o
LOAD Drivers/STM32F4xx_HAL_Driver/Src/stm32f4xx_hal_i2c.o
LOAD Drivers/STM32F4xx_HAL_Driver/Src/stm32f4xx_hal_i2c_ex.o
LOAD Drivers/STM32F4xx_HAL_Driver/Src/stm32f4xx_hal_pcd.o
LOAD Drivers/STM32F4xx_HAL_Driver/Src/stm32f4xx_hal_pcd_ex.o
LOAD Drivers/STM32F4xx_HAL_Driver/Src/stm32f4xx_hal_pwr.o
LOAD Drivers/STM32F4xx_HAL_Driver/Src/stm32f4xx_hal_pwr_ex.o
LOAD Drivers/STM32F4xx_HAL_Driver/Src/stm32f4xx_hal_rcc.o
LOAD Drivers/STM32F4xx_HAL_Driver/Src/stm32f4xx_hal_rcc_ex.o
LOAD Drivers/STM32F4xx_HAL_Driver/Src/stm32f4xx_hal_spi.o
LOAD Drivers/STM32F4xx_HAL_Driver/Src/stm32f4xx_hal_tim.o
LOAD Drivers/STM32F4xx_HAL_Driver/Src/stm32f4xx_hal_tim_ex.o
LOAD Drivers/STM32F4xx_HAL_Driver/Src/stm32f4xx_hal_uart.o
LOAD Drivers/STM32F4xx_HAL_Driver/Src/stm32f4xx_ll_usb.o
LOAD Middlewares/ST/STM32_USB_Device_Library/Class/CDC/Src/usbd_cdc.o
LOAD Middlewares/ST/STM32_USB_Device_Library/Core/Src/usbd_core.o
LOAD Middlewares/ST/STM32_USB_Device_Library/Core/Src/usbd_ctlreq.o
LOAD Middlewares/ST/STM32_USB_Device_Library/Core/Src/usbd_ioreq.o
LOAD USB_DEVICE/App/usb_device.o
LOAD USB_DEVICE/App/usbd_cdc_if.o
LOAD USB_DEVICE/App/usbd_desc.o
LOAD USB_DEVICE/Target/usbd_conf.o
START GROUP
LOAD c:/st/stm32cubeide_1.3.0/stm32cubeide/plugins/com.st.stm32cube.ide.mcu.externaltools.gnu-tools-for-stm32.7-2018-q2-update.win32_1.5.0.202011040924/tools/bin/../lib/gcc/arm-none-eabi/7.3.1/../../../../arm-none-eabi/lib/thumb/v7e-m/fpv4-sp/hard\libstdc++_nano.a
LOAD c:/st/stm32cubeide_1.3.0/stm32cubeide/plugins/com.st.stm32cube.ide.mcu.externaltools.gnu-tools-for-stm32.7-2018-q2-update.win32_1.5.0.202011040924/tools/bin/../lib/gcc/arm-none-eabi/7.3.1/../../../../arm-none-eabi/lib/thumb/v7e-m/fpv4-sp/hard\libsupc++_nano.a
END GROUP
LOAD c:/st/stm32cubeide_1.3.0/stm32cubeide/plugins/com.st.stm32cube.ide.mcu.externaltools.gnu-tools-for-stm32.7-2018-q2-update.win32_1.5.0.202011040924/tools/bin/../lib/gcc/arm-none-eabi/7.3.1/../../../../arm-none-eabi/lib/thumb/v7e-m/fpv4-sp/hard\libstdc++_nano.a
LOAD c:/st/stm32cubeide_1.3.0/stm32cubeide/plugins/com.st.stm32cube.ide.mcu.externaltools.gnu-tools-for-stm32.7-2018-q2-update.win32_1.5.0.202011040924/tools/bin/../lib/gcc/arm-none-eabi/7.3.1/../../../../arm-none-eabi/lib/thumb/v7e-m/fpv4-sp/hard\libm.a
LOAD c:/st/stm32cubeide_1.3.0/stm32cubeide/plugins/com.st.stm32cube.ide.mcu.externaltools.gnu-tools-for-stm32.7-2018-q2-update.win32_1.5.0.202011040924/tools/bin/../lib/gcc/arm-none-eabi/7.3.1/../../../../arm-none-eabi/lib/thumb/v7e-m/fpv4-sp/hard\libc_nano.a
START GROUP
LOAD c:/st/stm32cubeide_1.3.0/stm32cubeide/plugins/com.st.stm32cube.ide.mcu.externaltools.gnu-tools-for-stm32.7-2018-q2-update.win32_1.5.0.202011040924/tools/bin/../lib/gcc/arm-none-eabi/7.3.1/thumb/v7e-m/fpv4-sp/hard\libgcc.a
LOAD c:/st/stm32cubeide_1.3.0/stm32cubeide/plugins/com.st.stm32cube.ide.mcu.externaltools.gnu-tools-for-stm32.7-2018-q2-update.win32_1.5.0.202011040924/tools/bin/../lib/gcc/arm-none-eabi/7.3.1/../../../../arm-none-eabi/lib/thumb/v7e-m/fpv4-sp/hard\libc_nano.a
END GROUP
START GROUP
LOAD c:/st/stm32cubeide_1.3.0/stm32cubeide/plugins/com.st.stm32cube.ide.mcu.externaltools.gnu-tools-for-stm32.7-2018-q2-update.win32_1.5.0.202011040924/tools/bin/../lib/gcc/arm-none-eabi/7.3.1/thumb/v7e-m/fpv4-sp/hard\libgcc.a
LOAD c:/st/stm32cubeide_1.3.0/stm32cubeide/plugins/com.st.stm32cube.ide.mcu.externaltools.gnu-tools-for-stm32.7-2018-q2-update.win32_1.5.0.202011040924/tools/bin/../lib/gcc/arm-none-eabi/7.3.1/../../../../arm-none-eabi/lib/thumb/v7e-m/fpv4-sp/hard\libc_nano.a
LOAD c:/st/stm32cubeide_1.3.0/stm32cubeide/plugins/com.st.stm32cube.ide.mcu.externaltools.gnu-tools-for-stm32.7-2018-q2-update.win32_1.5.0.202011040924/tools/bin/../lib/gcc/arm-none-eabi/7.3.1/../../../../arm-none-eabi/lib/thumb/v7e-m/fpv4-sp/hard\libnosys.a
END GROUP
START GROUP
LOAD c:/st/stm32cubeide_1.3.0/stm32cubeide/plugins/com.st.stm32cube.ide.mcu.externaltools.gnu-tools-for-stm32.7-2018-q2-update.win32_1.5.0.202011040924/tools/bin/../lib/gcc/arm-none-eabi/7.3.1/thumb/v7e-m/fpv4-sp/hard\libgcc.a
LOAD c:/st/stm32cubeide_1.3.0/stm32cubeide/plugins/com.st.stm32cube.ide.mcu.externaltools.gnu-tools-for-stm32.7-2018-q2-update.win32_1.5.0.202011040924/tools/bin/../lib/gcc/arm-none-eabi/7.3.1/../../../../arm-none-eabi/lib/thumb/v7e-m/fpv4-sp/hard\libc_nano.a
LOAD c:/st/stm32cubeide_1.3.0/stm32cubeide/plugins/com.st.stm32cube.ide.mcu.externaltools.gnu-tools-for-stm32.7-2018-q2-update.win32_1.5.0.202011040924/tools/bin/../lib/gcc/arm-none-eabi/7.3.1/../../../../arm-none-eabi/lib/thumb/v7e-m/fpv4-sp/hard\libnosys.a
END GROUP
LOAD c:/st/stm32cubeide_1.3.0/stm32cubeide/plugins/com.st.stm32cube.ide.mcu.externaltools.gnu-tools-for-stm32.7-2018-q2-update.win32_1.5.0.202011040924/tools/bin/../lib/gcc/arm-none-eabi/7.3.1/thumb/v7e-m/fpv4-sp/hard/crtend.o
LOAD c:/st/stm32cubeide_1.3.0/stm32cubeide/plugins/com.st.stm32cube.ide.mcu.externaltools.gnu-tools-for-stm32.7-2018-q2-update.win32_1.5.0.202011040924/tools/bin/../lib/gcc/arm-none-eabi/7.3.1/thumb/v7e-m/fpv4-sp/hard/crtn.o
                0x0000000020020000                _estack = (ORIGIN (RAM) + LENGTH (RAM))
                0x0000000000000200                _Min_Heap_Size = 0x200
                0x0000000000000400                _Min_Stack_Size = 0x400

.isr_vector     0x0000000008000000      0x188
                0x0000000008000000                . = ALIGN (0x4)
 *(.isr_vector)
 .isr_vector    0x0000000008000000      0x188 Core/Startup/startup_stm32f407vgtx.o
                0x0000000008000000                g_pfnVectors
                0x0000000008000188                . = ALIGN (0x4)

.text           0x0000000008000188     0xd8f8
                0x0000000008000188                . = ALIGN (0x4)
 *(.text)
 .text          0x0000000008000188       0x40 c:/st/stm32cubeide_1.3.0/stm32cubeide/plugins/com.st.stm32cube.ide.mcu.externaltools.gnu-tools-for-stm32.7-2018-q2-update.win32_1.5.0.202011040924/tools/bin/../lib/gcc/arm-none-eabi/7.3.1/thumb/v7e-m/fpv4-sp/hard/crtbegin.o
 .text          0x00000000080001c8       0x10 c:/st/stm32cubeide_1.3.0/stm32cubeide/plugins/com.st.stm32cube.ide.mcu.externaltools.gnu-tools-for-stm32.7-2018-q2-update.win32_1.5.0.202011040924/tools/bin/../lib/gcc/arm-none-eabi/7.3.1/../../../../arm-none-eabi/lib/thumb/v7e-m/fpv4-sp/hard\libc_nano.a(lib_a-strlen.o)
                0x00000000080001c8                strlen
 .text          0x00000000080001d8      0x378 c:/st/stm32cubeide_1.3.0/stm32cubeide/plugins/com.st.stm32cube.ide.mcu.externaltools.gnu-tools-for-stm32.7-2018-q2-update.win32_1.5.0.202011040924/tools/bin/../lib/gcc/arm-none-eabi/7.3.1/thumb/v7e-m/fpv4-sp/hard\libgcc.a(_arm_addsubdf3.o)
                0x00000000080001d8                __aeabi_drsub
                0x00000000080001e0                __aeabi_dsub
                0x00000000080001e0                __subdf3
                0x00000000080001e4                __aeabi_dadd
                0x00000000080001e4                __adddf3
                0x000000000800045c                __floatunsidf
                0x000000000800045c                __aeabi_ui2d
                0x000000000800047c                __floatsidf
                0x000000000800047c                __aeabi_i2d
                0x00000000080004a0                __aeabi_f2d
                0x00000000080004a0                __extendsfdf2
                0x00000000080004e4                __floatundidf
                0x00000000080004e4                __aeabi_ul2d
                0x00000000080004f4                __floatdidf
                0x00000000080004f4                __aeabi_l2d
 .text          0x0000000008000550      0x424 c:/st/stm32cubeide_1.3.0/stm32cubeide/plugins/com.st.stm32cube.ide.mcu.externaltools.gnu-tools-for-stm32.7-2018-q2-update.win32_1.5.0.202011040924/tools/bin/../lib/gcc/arm-none-eabi/7.3.1/thumb/v7e-m/fpv4-sp/hard\libgcc.a(_arm_muldivdf3.o)
                0x0000000008000550                __aeabi_dmul
                0x0000000008000550                __muldf3
                0x00000000080007a4                __divdf3
                0x00000000080007a4                __aeabi_ddiv
 .text          0x0000000008000974      0x110 c:/st/stm32cubeide_1.3.0/stm32cubeide/plugins/com.st.stm32cube.ide.mcu.externaltools.gnu-tools-for-stm32.7-2018-q2-update.win32_1.5.0.202011040924/tools/bin/../lib/gcc/arm-none-eabi/7.3.1/thumb/v7e-m/fpv4-sp/hard\libgcc.a(_arm_cmpdf2.o)
                0x0000000008000974                __gtdf2
                0x0000000008000974                __gedf2
                0x000000000800097c                __ltdf2
                0x000000000800097c                __ledf2
                0x0000000008000984                __nedf2
                0x0000000008000984                __eqdf2
                0x0000000008000984                __cmpdf2
                0x0000000008000a00                __aeabi_cdrcmple
                0x0000000008000a10                __aeabi_cdcmpeq
                0x0000000008000a10                __aeabi_cdcmple
                0x0000000008000a20                __aeabi_dcmpeq
                0x0000000008000a34                __aeabi_dcmplt
                0x0000000008000a48                __aeabi_dcmple
                0x0000000008000a5c                __aeabi_dcmpge
                0x0000000008000a70                __aeabi_dcmpgt
 .text          0x0000000008000a84       0x50 c:/st/stm32cubeide_1.3.0/stm32cubeide/plugins/com.st.stm32cube.ide.mcu.externaltools.gnu-tools-for-stm32.7-2018-q2-update.win32_1.5.0.202011040924/tools/bin/../lib/gcc/arm-none-eabi/7.3.1/thumb/v7e-m/fpv4-sp/hard\libgcc.a(_arm_fixdfsi.o)
                0x0000000008000a84                __aeabi_d2iz
                0x0000000008000a84                __fixdfsi
 .text          0x0000000008000ad4       0x30 c:/st/stm32cubeide_1.3.0/stm32cubeide/plugins/com.st.stm32cube.ide.mcu.externaltools.gnu-tools-for-stm32.7-2018-q2-update.win32_1.5.0.202011040924/tools/bin/../lib/gcc/arm-none-eabi/7.3.1/thumb/v7e-m/fpv4-sp/hard\libgcc.a(_aeabi_uldivmod.o)
                0x0000000008000ad4                __aeabi_uldivmod
 .text          0x0000000008000b04      0x2cc c:/st/stm32cubeide_1.3.0/stm32cubeide/plugins/com.st.stm32cube.ide.mcu.externaltools.gnu-tools-for-stm32.7-2018-q2-update.win32_1.5.0.202011040924/tools/bin/../lib/gcc/arm-none-eabi/7.3.1/thumb/v7e-m/fpv4-sp/hard\libgcc.a(_udivmoddi4.o)
                0x0000000008000b04                __udivmoddi4
 .text          0x0000000008000dd0        0x4 c:/st/stm32cubeide_1.3.0/stm32cubeide/plugins/com.st.stm32cube.ide.mcu.externaltools.gnu-tools-for-stm32.7-2018-q2-update.win32_1.5.0.202011040924/tools/bin/../lib/gcc/arm-none-eabi/7.3.1/thumb/v7e-m/fpv4-sp/hard\libgcc.a(_dvmd_tls.o)
                0x0000000008000dd0                __aeabi_idiv0
                0x0000000008000dd0                __aeabi_ldiv0
 *(.text*)
 .text._ZN3lcdC2Ev
                0x0000000008000dd4       0x16 Core/Src/lcd.o
                0x0000000008000dd4                lcd::lcd()
                0x0000000008000dd4                lcd::lcd()
 *fill*         0x0000000008000dea        0x2 
 .text._ZN3lcd12lcd_send_cmdEc
                0x0000000008000dec       0x60 Core/Src/lcd.o
                0x0000000008000dec                lcd::lcd_send_cmd(char)
 .text._ZN3lcd13lcd_send_dataEc
                0x0000000008000e4c       0x60 Core/Src/lcd.o
                0x0000000008000e4c                lcd::lcd_send_data(char)
 .text._ZN3lcd8lcd_initEv
                0x0000000008000eac       0x74 Core/Src/lcd.o
                0x0000000008000eac                lcd::lcd_init()
 .text._ZN3lcd15lcd_send_stringEPc
                0x0000000008000f20       0x2c Core/Src/lcd.o
                0x0000000008000f20                lcd::lcd_send_string(char*)
 .text._ZN3lcd17lcd_clear_displayEv
                0x0000000008000f4c       0x18 Core/Src/lcd.o
                0x0000000008000f4c                lcd::lcd_clear_display()
 .text._ZN3lcd11lcd_goto_XYEii
                0x0000000008000f64       0x48 Core/Src/lcd.o
                0x0000000008000f64                lcd::lcd_goto_XY(int, int)
 .text._Z41__static_initialization_and_destruction_0ii
                0x0000000008000fac       0x2c Core/Src/lcd.o
 .text._GLOBAL__sub_I__ZN3lcdC2Ev
                0x0000000008000fd8       0x10 Core/Src/lcd.o
 .text.main     0x0000000008000fe8       0x36 Core/Src/main.o
                0x0000000008000fe8                main
 *fill*         0x000000000800101e        0x2 
 .text.SystemClock_Config
                0x0000000008001020       0xd4 Core/Src/main.o
                0x0000000008001020                SystemClock_Config
 .text.MX_ADC1_Init
                0x00000000080010f4       0xa4 Core/Src/main.o
 .text.MX_I2C1_Init
                0x0000000008001198       0x5c Core/Src/main.o
 .text.MX_SPI1_Init
                0x00000000080011f4       0x6c Core/Src/main.o
 .text.MX_TIM4_Init
                0x0000000008001260       0xf4 Core/Src/main.o
 .text.MX_USART2_UART_Init
                0x0000000008001354       0x54 Core/Src/main.o
 .text.MX_DMA_Init
                0x00000000080013a8       0x50 Core/Src/main.o
 .text.MX_GPIO_Init
                0x00000000080013f8      0x128 Core/Src/main.o
 .text.Error_Handler
                0x0000000008001520        0x8 Core/Src/main.o
                0x0000000008001520                Error_Handler
 .text._ZnwjPv  0x0000000008001528       0x18 Core/Src/maincpp.o
                0x0000000008001528                operator new(unsigned int, void*)
 .text.setup    0x0000000008001540      0x104 Core/Src/maincpp.o
                0x0000000008001540                setup
 .text.loop     0x0000000008001644       0x28 Core/Src/maincpp.o
                0x0000000008001644                loop
 .text.task1_handler
                0x000000000800166c      0x248 Core/Src/maincpp.o
                0x000000000800166c                task1_handler
 *fill*         0x00000000080018b4        0x4 
 .text.task3_handler
                0x00000000080018b8      0x4b4 Core/Src/maincpp.o
                0x00000000080018b8                task3_handler
 .text.task2_handler
                0x0000000008001d6c       0xfc Core/Src/maincpp.o
                0x0000000008001d6c                task2_handler
 .text.d2s      0x0000000008001e68      0x198 Core/Src/maincpp.o
                0x0000000008001e68                d2s
 .text._ZNSt6vectorIcSaIcEEC2Ev
                0x0000000008002000       0x1a Core/Src/maincpp.o
                0x0000000008002000                std::vector<char, std::allocator<char> >::vector()
                0x0000000008002000                std::vector<char, std::allocator<char> >::vector()
 .text._ZNSt6vectorIcSaIcEE9push_backERKc
                0x000000000800201a       0x4a Core/Src/maincpp.o
                0x000000000800201a                std::vector<char, std::allocator<char> >::push_back(char const&)
 .text._ZSt4moveIRcEONSt16remove_referenceIT_E4typeEOS2_
                0x0000000008002064       0x16 Core/Src/maincpp.o
                0x0000000008002064                std::remove_reference<char&>::type&& std::move<char&>(char&)
 .text._ZNSt6vectorIcSaIcEE9push_backEOc
                0x000000000800207a       0x22 Core/Src/maincpp.o
                0x000000000800207a                std::vector<char, std::allocator<char> >::push_back(char&&)
 .text._ZNSt6vectorIcSaIcEEixEj
                0x000000000800209c       0x1e Core/Src/maincpp.o
                0x000000000800209c                std::vector<char, std::allocator<char> >::operator[](unsigned int)
 .text._ZNSt6vectorIcSaIcEE2atEj
                0x00000000080020ba       0x24 Core/Src/maincpp.o
                0x00000000080020ba                std::vector<char, std::allocator<char> >::at(unsigned int)
 .text._ZNSt6vectorIcSaIcEE5beginEv
                0x00000000080020de       0x20 Core/Src/maincpp.o
                0x00000000080020de                std::vector<char, std::allocator<char> >::begin()
 .text._ZN9__gnu_cxx17__normal_iteratorIPKcSt6vectorIcSaIcEEEC2IPcEERKNS0_IT_NS_11__enable_ifIXsrSt10__are_sameIS9_S8_E7__valueES5_E6__typeEEE
                0x00000000080020fe       0x22 Core/Src/maincpp.o
                0x00000000080020fe                __gnu_cxx::__normal_iterator<char const*, std::vector<char, std::allocator<char> > >::__normal_iterator<char*>(__gnu_cxx::__normal_iterator<char*, __gnu_cxx::__enable_if<std::__are_same<char*, char*>::__value, std::vector<char, std::allocator<char> > >::__type> const&)
                0x00000000080020fe                __gnu_cxx::__normal_iterator<char const*, std::vector<char, std::allocator<char> > >::__normal_iterator<char*>(__gnu_cxx::__normal_iterator<char*, __gnu_cxx::__enable_if<std::__are_same<char*, char*>::__value, std::vector<char, std::allocator<char> > >::__type> const&)
 .text._ZNSt6vectorIcSaIcEE5eraseEN9__gnu_cxx17__normal_iteratorIPKcS1_EE
                0x0000000008002120       0x4e Core/Src/maincpp.o
                0x0000000008002120                std::vector<char, std::allocator<char> >::erase(__gnu_cxx::__normal_iterator<char const*, std::vector<char, std::allocator<char> > >)
 .text._ZNKSt6vectorIcSaIcEE4sizeEv
                0x000000000800216e       0x20 Core/Src/maincpp.o
                0x000000000800216e                std::vector<char, std::allocator<char> >::size() const
 .text._ZNSt12_Vector_baseIcSaIcEE12_Vector_implD2Ev
                0x000000000800218e       0x18 Core/Src/maincpp.o
                0x000000000800218e                std::_Vector_base<char, std::allocator<char> >::_Vector_impl::~_Vector_impl()
                0x000000000800218e                std::_Vector_base<char, std::allocator<char> >::_Vector_impl::~_Vector_impl()
 .text._ZNSt12_Vector_baseIcSaIcEEC2Ev
                0x00000000080021a6       0x1a Core/Src/maincpp.o
                0x00000000080021a6                std::_Vector_base<char, std::allocator<char> >::_Vector_base()
                0x00000000080021a6                std::_Vector_base<char, std::allocator<char> >::_Vector_base()
 .text._ZNSt12_Vector_baseIcSaIcEED2Ev
                0x00000000080021c0       0x32 Core/Src/maincpp.o
                0x00000000080021c0                std::_Vector_base<char, std::allocator<char> >::~_Vector_base()
                0x00000000080021c0                std::_Vector_base<char, std::allocator<char> >::~_Vector_base()
 .text._ZSt7forwardIRKcEOT_RNSt16remove_referenceIS2_E4typeE
                0x00000000080021f2       0x16 Core/Src/maincpp.o
                0x00000000080021f2                char const& std::forward<char const&>(std::remove_reference<char const&>::type&)
 .text._ZNSt16allocator_traitsISaIcEE9constructIcJRKcEEEvRS0_PT_DpOT0_
                0x0000000008002208       0x26 Core/Src/maincpp.o
                0x0000000008002208                void std::allocator_traits<std::allocator<char> >::construct<char, char const&>(std::allocator<char>&, char*, char const&)
 .text._ZNSt6vectorIcSaIcEE3endEv
                0x000000000800222e       0x22 Core/Src/maincpp.o
                0x000000000800222e                std::vector<char, std::allocator<char> >::end()
 .text._ZNSt6vectorIcSaIcEE17_M_realloc_insertIJRKcEEEvN9__gnu_cxx17__normal_iteratorIPcS1_EEDpOT_
                0x0000000008002250      0x110 Core/Src/maincpp.o
                0x0000000008002250                void std::vector<char, std::allocator<char> >::_M_realloc_insert<char const&>(__gnu_cxx::__normal_iterator<char*, std::vector<char, std::allocator<char> > >, char const&)
 .text._ZSt7forwardIcEOT_RNSt16remove_referenceIS0_E4typeE
                0x0000000008002360       0x16 Core/Src/maincpp.o
                0x0000000008002360                char&& std::forward<char>(std::remove_reference<char>::type&)
 .text._ZNSt6vectorIcSaIcEE12emplace_backIJcEEEvDpOT_
                0x0000000008002376       0x5c Core/Src/maincpp.o
                0x0000000008002376                void std::vector<char, std::allocator<char> >::emplace_back<char>(char&&)
 *fill*         0x00000000080023d2        0x2 
 .text._ZNKSt6vectorIcSaIcEE14_M_range_checkEj
                0x00000000080023d4       0x40 Core/Src/maincpp.o
                0x00000000080023d4                std::vector<char, std::allocator<char> >::_M_range_check(unsigned int) const
 .text._ZN9__gnu_cxx17__normal_iteratorIPcSt6vectorIcSaIcEEEC2ERKS1_
                0x0000000008002414       0x20 Core/Src/maincpp.o
                0x0000000008002414                __gnu_cxx::__normal_iterator<char*, std::vector<char, std::allocator<char> > >::__normal_iterator(char* const&)
                0x0000000008002414                __gnu_cxx::__normal_iterator<char*, std::vector<char, std::allocator<char> > >::__normal_iterator(char* const&)
 .text._ZNK9__gnu_cxx17__normal_iteratorIPcSt6vectorIcSaIcEEE4baseEv
                0x0000000008002434       0x16 Core/Src/maincpp.o
                0x0000000008002434                __gnu_cxx::__normal_iterator<char*, std::vector<char, std::allocator<char> > >::base() const
 .text._ZNKSt6vectorIcSaIcEE6cbeginEv
                0x000000000800244a       0x28 Core/Src/maincpp.o
                0x000000000800244a                std::vector<char, std::allocator<char> >::cbegin() const
 .text._ZN9__gnu_cxxmiIPKcSt6vectorIcSaIcEEEENS_17__normal_iteratorIT_T0_E15difference_typeERKS9_SC_
                0x0000000008002472       0x2a Core/Src/maincpp.o
                0x0000000008002472                __gnu_cxx::__normal_iterator<char const*, std::vector<char, std::allocator<char> > >::difference_type __gnu_cxx::operator-<char const*, std::vector<char, std::allocator<char> > >(__gnu_cxx::__normal_iterator<char const*, std::vector<char, std::allocator<char> > > const&, __gnu_cxx::__normal_iterator<char const*, std::vector<char, std::allocator<char> > > const&)
 .text._ZNK9__gnu_cxx17__normal_iteratorIPcSt6vectorIcSaIcEEEplEi
                0x000000000800249c       0x2e Core/Src/maincpp.o
                0x000000000800249c                __gnu_cxx::__normal_iterator<char*, std::vector<char, std::allocator<char> > >::operator+(int) const
 .text._ZNSt6vectorIcSaIcEE8_M_eraseEN9__gnu_cxx17__normal_iteratorIPcS1_EE
                0x00000000080024ca       0x78 Core/Src/maincpp.o
                0x00000000080024ca                std::vector<char, std::allocator<char> >::_M_erase(__gnu_cxx::__normal_iterator<char*, std::vector<char, std::allocator<char> > >)
 .text._ZNSt12_Vector_baseIcSaIcEE12_Vector_implC2Ev
                0x0000000008002542       0x2a Core/Src/maincpp.o
                0x0000000008002542                std::_Vector_base<char, std::allocator<char> >::_Vector_impl::_Vector_impl()
                0x0000000008002542                std::_Vector_base<char, std::allocator<char> >::_Vector_impl::_Vector_impl()
 .text._ZNSt12_Vector_baseIcSaIcEE13_M_deallocateEPcj
                0x000000000800256c       0x26 Core/Src/maincpp.o
                0x000000000800256c                std::_Vector_base<char, std::allocator<char> >::_M_deallocate(char*, unsigned int)
 .text._ZN9__gnu_cxx13new_allocatorIcE9constructIcJRKcEEEvPT_DpOT0_
                0x0000000008002592       0x32 Core/Src/maincpp.o
                0x0000000008002592                void __gnu_cxx::new_allocator<char>::construct<char, char const&>(char*, char const&)
 .text._ZNKSt6vectorIcSaIcEE12_M_check_lenEjPKc
                0x00000000080025c4       0x90 Core/Src/maincpp.o
                0x00000000080025c4                std::vector<char, std::allocator<char> >::_M_check_len(unsigned int, char const*) const
 .text._ZN9__gnu_cxxmiIPcSt6vectorIcSaIcEEEENS_17__normal_iteratorIT_T0_E15difference_typeERKS8_SB_
                0x0000000008002654       0x2a Core/Src/maincpp.o
                0x0000000008002654                __gnu_cxx::__normal_iterator<char*, std::vector<char, std::allocator<char> > >::difference_type __gnu_cxx::operator-<char*, std::vector<char, std::allocator<char> > >(__gnu_cxx::__normal_iterator<char*, std::vector<char, std::allocator<char> > > const&, __gnu_cxx::__normal_iterator<char*, std::vector<char, std::allocator<char> > > const&)
 .text._ZNSt12_Vector_baseIcSaIcEE11_M_allocateEj
                0x000000000800267e       0x28 Core/Src/maincpp.o
                0x000000000800267e                std::_Vector_base<char, std::allocator<char> >::_M_allocate(unsigned int)
 .text._ZNSt12_Vector_baseIcSaIcEE19_M_get_Tp_allocatorEv
                0x00000000080026a6       0x16 Core/Src/maincpp.o
                0x00000000080026a6                std::_Vector_base<char, std::allocator<char> >::_M_get_Tp_allocator()
 .text._ZSt34__uninitialized_move_if_noexcept_aIPcS0_SaIcEET0_T_S3_S2_RT1_
                0x00000000080026bc       0x32 Core/Src/maincpp.o
                0x00000000080026bc                char* std::__uninitialized_move_if_noexcept_a<char*, char*, std::allocator<char> >(char*, char*, char*, std::allocator<char>&)
 .text._ZNSt16allocator_traitsISaIcEE7destroyIcEEvRS0_PT_
                0x00000000080026ee       0x1a Core/Src/maincpp.o
                0x00000000080026ee                void std::allocator_traits<std::allocator<char> >::destroy<char>(std::allocator<char>&, char*)
 .text._ZSt8_DestroyIPccEvT_S1_RSaIT0_E
                0x0000000008002708       0x1c Core/Src/maincpp.o
                0x0000000008002708                void std::_Destroy<char*, char>(char*, char*, std::allocator<char>&)
 .text._ZNSt16allocator_traitsISaIcEE9constructIcJcEEEvRS0_PT_DpOT0_
                0x0000000008002724       0x26 Core/Src/maincpp.o
                0x0000000008002724                void std::allocator_traits<std::allocator<char> >::construct<char, char>(std::allocator<char>&, char*, char&&)
 *fill*         0x000000000800274a        0x2 
 .text._ZNSt6vectorIcSaIcEE17_M_realloc_insertIJcEEEvN9__gnu_cxx17__normal_iteratorIPcS1_EEDpOT_
                0x000000000800274c      0x110 Core/Src/maincpp.o
                0x000000000800274c                void std::vector<char, std::allocator<char> >::_M_realloc_insert<char>(__gnu_cxx::__normal_iterator<char*, std::vector<char, std::allocator<char> > >, char&&)
 .text._ZN9__gnu_cxx17__normal_iteratorIPKcSt6vectorIcSaIcEEEC2ERKS2_
                0x000000000800285c       0x20 Core/Src/maincpp.o
                0x000000000800285c                __gnu_cxx::__normal_iterator<char const*, std::vector<char, std::allocator<char> > >::__normal_iterator(char const* const&)
                0x000000000800285c                __gnu_cxx::__normal_iterator<char const*, std::vector<char, std::allocator<char> > >::__normal_iterator(char const* const&)
 .text._ZNK9__gnu_cxx17__normal_iteratorIPKcSt6vectorIcSaIcEEE4baseEv
                0x000000000800287c       0x16 Core/Src/maincpp.o
                0x000000000800287c                __gnu_cxx::__normal_iterator<char const*, std::vector<char, std::allocator<char> > >::base() const
 .text._ZN9__gnu_cxxneIPcSt6vectorIcSaIcEEEEbRKNS_17__normal_iteratorIT_T0_EESA_
                0x0000000008002892       0x30 Core/Src/maincpp.o
                0x0000000008002892                bool __gnu_cxx::operator!=<char*, std::vector<char, std::allocator<char> > >(__gnu_cxx::__normal_iterator<char*, std::vector<char, std::allocator<char> > > const&, __gnu_cxx::__normal_iterator<char*, std::vector<char, std::allocator<char> > > const&)
 .text._ZSt4moveIN9__gnu_cxx17__normal_iteratorIPcSt6vectorIcSaIcEEEES6_ET0_T_S8_S7_
                0x00000000080028c2       0x30 Core/Src/maincpp.o
                0x00000000080028c2                __gnu_cxx::__normal_iterator<char*, std::vector<char, std::allocator<char> > > std::move<__gnu_cxx::__normal_iterator<char*, std::vector<char, std::allocator<char> > >, __gnu_cxx::__normal_iterator<char*, std::vector<char, std::allocator<char> > > >(__gnu_cxx::__normal_iterator<char*, std::vector<char, std::allocator<char> > >, __gnu_cxx::__normal_iterator<char*, std::vector<char, std::allocator<char> > >, __gnu_cxx::__normal_iterator<char*, std::vector<char, std::allocator<char> > >)
 .text._ZNSt16allocator_traitsISaIcEE10deallocateERS0_Pcj
                0x00000000080028f2       0x1e Core/Src/maincpp.o
                0x00000000080028f2                std::allocator_traits<std::allocator<char> >::deallocate(std::allocator<char>&, char*, unsigned int)
 .text._ZNKSt6vectorIcSaIcEE8max_sizeEv
                0x0000000008002910       0x22 Core/Src/maincpp.o
                0x0000000008002910                std::vector<char, std::allocator<char> >::max_size() const
 .text._ZSt3maxIjERKT_S2_S2_
                0x0000000008002932       0x28 Core/Src/maincpp.o
                0x0000000008002932                unsigned int const& std::max<unsigned int>(unsigned int const&, unsigned int const&)
 .text._ZNSt16allocator_traitsISaIcEE8allocateERS0_j
                0x000000000800295a       0x1e Core/Src/maincpp.o
                0x000000000800295a                std::allocator_traits<std::allocator<char> >::allocate(std::allocator<char>&, unsigned int)
 .text._ZSt32__make_move_if_noexcept_iteratorIcSt13move_iteratorIPcEET0_PT_
                0x0000000008002978       0x1e Core/Src/maincpp.o
                0x0000000008002978                std::move_iterator<char*> std::__make_move_if_noexcept_iterator<char, std::move_iterator<char*> >(char*)
 .text._ZSt22__uninitialized_copy_aISt13move_iteratorIPcES1_cET0_T_S4_S3_RSaIT1_E
                0x0000000008002996       0x22 Core/Src/maincpp.o
                0x0000000008002996                char* std::__uninitialized_copy_a<std::move_iterator<char*>, char*, char>(std::move_iterator<char*>, std::move_iterator<char*>, char*, std::allocator<char>&)
 .text._ZN9__gnu_cxx13new_allocatorIcE7destroyIcEEvPT_
                0x00000000080029b8       0x16 Core/Src/maincpp.o
                0x00000000080029b8                void __gnu_cxx::new_allocator<char>::destroy<char>(char*)
 .text._ZSt8_DestroyIPcEvT_S1_
                0x00000000080029ce       0x1a Core/Src/maincpp.o
                0x00000000080029ce                void std::_Destroy<char*>(char*, char*)
 .text._ZN9__gnu_cxx13new_allocatorIcE9constructIcJcEEEvPT_DpOT0_
                0x00000000080029e8       0x32 Core/Src/maincpp.o
                0x00000000080029e8                void __gnu_cxx::new_allocator<char>::construct<char, char>(char*, char&&)
 .text._ZSt12__miter_baseIN9__gnu_cxx17__normal_iteratorIPcSt6vectorIcSaIcEEEEET_S7_
                0x0000000008002a1a       0x16 Core/Src/maincpp.o
                0x0000000008002a1a                __gnu_cxx::__normal_iterator<char*, std::vector<char, std::allocator<char> > > std::__miter_base<__gnu_cxx::__normal_iterator<char*, std::vector<char, std::allocator<char> > > >(__gnu_cxx::__normal_iterator<char*, std::vector<char, std::allocator<char> > >)
 .text._ZSt14__copy_move_a2ILb1EN9__gnu_cxx17__normal_iteratorIPcSt6vectorIcSaIcEEEES6_ET1_T0_S8_S7_
                0x0000000008002a30       0x4c Core/Src/maincpp.o
                0x0000000008002a30                __gnu_cxx::__normal_iterator<char*, std::vector<char, std::allocator<char> > > std::__copy_move_a2<true, __gnu_cxx::__normal_iterator<char*, std::vector<char, std::allocator<char> > >, __gnu_cxx::__normal_iterator<char*, std::vector<char, std::allocator<char> > > >(__gnu_cxx::__normal_iterator<char*, std::vector<char, std::allocator<char> > >, __gnu_cxx::__normal_iterator<char*, std::vector<char, std::allocator<char> > >, __gnu_cxx::__normal_iterator<char*, std::vector<char, std::allocator<char> > >)
 .text._ZN9__gnu_cxx13new_allocatorIcE10deallocateEPcj
                0x0000000008002a7c       0x1a Core/Src/maincpp.o
                0x0000000008002a7c                __gnu_cxx::new_allocator<char>::deallocate(char*, unsigned int)
 .text._ZNSt16allocator_traitsISaIcEE8max_sizeERKS0_
                0x0000000008002a96       0x18 Core/Src/maincpp.o
                0x0000000008002a96                std::allocator_traits<std::allocator<char> >::max_size(std::allocator<char> const&)
 .text._ZNKSt12_Vector_baseIcSaIcEE19_M_get_Tp_allocatorEv
                0x0000000008002aae       0x16 Core/Src/maincpp.o
                0x0000000008002aae                std::_Vector_base<char, std::allocator<char> >::_M_get_Tp_allocator() const
 .text._ZN9__gnu_cxx13new_allocatorIcE8allocateEjPKv
                0x0000000008002ac4       0x38 Core/Src/maincpp.o
                0x0000000008002ac4                __gnu_cxx::new_allocator<char>::allocate(unsigned int, void const*)
 .text._ZNSt13move_iteratorIPcEC2ES0_
                0x0000000008002afc       0x1e Core/Src/maincpp.o
                0x0000000008002afc                std::move_iterator<char*>::move_iterator(char*)
                0x0000000008002afc                std::move_iterator<char*>::move_iterator(char*)
 .text._ZSt18uninitialized_copyISt13move_iteratorIPcES1_ET0_T_S4_S3_
                0x0000000008002b1a       0x24 Core/Src/maincpp.o
                0x0000000008002b1a                char* std::uninitialized_copy<std::move_iterator<char*>, char*>(std::move_iterator<char*>, std::move_iterator<char*>, char*)
 .text._ZNSt12_Destroy_auxILb1EE9__destroyIPcEEvT_S3_
                0x0000000008002b3e       0x16 Core/Src/maincpp.o
                0x0000000008002b3e                void std::_Destroy_aux<true>::__destroy<char*>(char*, char*)
 .text._ZSt12__niter_baseIPcSt6vectorIcSaIcEEET_N9__gnu_cxx17__normal_iteratorIS4_T0_EE
                0x0000000008002b54       0x1c Core/Src/maincpp.o
                0x0000000008002b54                char* std::__niter_base<char*, std::vector<char, std::allocator<char> > >(__gnu_cxx::__normal_iterator<char*, std::vector<char, std::allocator<char> > >)
 .text._ZSt13__copy_move_aILb1EPcS0_ET1_T0_S2_S1_
                0x0000000008002b70       0x24 Core/Src/maincpp.o
                0x0000000008002b70                char* std::__copy_move_a<true, char*, char*>(char*, char*, char*)
 .text._ZNK9__gnu_cxx13new_allocatorIcE8max_sizeEv
                0x0000000008002b94       0x18 Core/Src/maincpp.o
                0x0000000008002b94                __gnu_cxx::new_allocator<char>::max_size() const
 .text._ZNSt20__uninitialized_copyILb1EE13__uninit_copyISt13move_iteratorIPcES3_EET0_T_S6_S5_
                0x0000000008002bac       0x20 Core/Src/maincpp.o
                0x0000000008002bac                char* std::__uninitialized_copy<true>::__uninit_copy<std::move_iterator<char*>, char*>(std::move_iterator<char*>, std::move_iterator<char*>, char*)
 .text._ZNSt11__copy_moveILb1ELb1ESt26random_access_iterator_tagE8__copy_mIcEEPT_PKS3_S6_S4_
                0x0000000008002bcc       0x34 Core/Src/maincpp.o
                0x0000000008002bcc                char* std::__copy_move<true, true, std::random_access_iterator_tag>::__copy_m<char>(char const*, char const*, char*)
 .text._ZSt4copyISt13move_iteratorIPcES1_ET0_T_S4_S3_
                0x0000000008002c00       0x30 Core/Src/maincpp.o
                0x0000000008002c00                char* std::copy<std::move_iterator<char*>, char*>(std::move_iterator<char*>, std::move_iterator<char*>, char*)
 .text._ZSt12__miter_baseIPcEDTcl12__miter_basecldtfp_4baseEEESt13move_iteratorIT_E
                0x0000000008002c30       0x22 Core/Src/maincpp.o
                0x0000000008002c30                decltype (__miter_base(({parm#1}.base)())) std::__miter_base<char*>(std::move_iterator<char*>)
 .text._ZSt14__copy_move_a2ILb1EPcS0_ET1_T0_S2_S1_
                0x0000000008002c52       0x38 Core/Src/maincpp.o
                0x0000000008002c52                char* std::__copy_move_a2<true, char*, char*>(char*, char*, char*)
 .text._ZNKSt13move_iteratorIPcE4baseEv
                0x0000000008002c8a       0x18 Core/Src/maincpp.o
                0x0000000008002c8a                std::move_iterator<char*>::base() const
 .text._ZSt12__miter_baseIPcET_S1_
                0x0000000008002ca2       0x16 Core/Src/maincpp.o
                0x0000000008002ca2                char* std::__miter_base<char*>(char*)
 .text._ZSt12__niter_baseIPcET_S1_
                0x0000000008002cb8       0x16 Core/Src/maincpp.o
                0x0000000008002cb8                char* std::__niter_base<char*>(char*)
 *fill*         0x0000000008002cce        0x2 
 .text._Z41__static_initialization_and_destruction_0ii
                0x0000000008002cd0       0x68 Core/Src/maincpp.o
 .text._ZNSt6vectorIcSaIcEED2Ev
                0x0000000008002d38       0x36 Core/Src/maincpp.o
                0x0000000008002d38                std::vector<char, std::allocator<char> >::~vector()
                0x0000000008002d38                std::vector<char, std::allocator<char> >::~vector()
 .text._GLOBAL__sub_I_task1
                0x0000000008002d6e       0x10 Core/Src/maincpp.o
 .text._GLOBAL__sub_D_task1
                0x0000000008002d7e       0x10 Core/Src/maincpp.o
 .text._ZN8scheduleC2Em
                0x0000000008002d8e       0x2a Core/Src/schedule.o
                0x0000000008002d8e                schedule::schedule(unsigned long)
                0x0000000008002d8e                schedule::schedule(unsigned long)
 .text._ZN8schedule9set_cycleEm
                0x0000000008002db8       0x1c Core/Src/schedule.o
                0x0000000008002db8                schedule::set_cycle(unsigned long)
 .text._ZN8schedule11start_timerEv
                0x0000000008002dd4       0x20 Core/Src/schedule.o
                0x0000000008002dd4                schedule::start_timer()
 .text._ZN8schedule12set_callbackEPFvvE
                0x0000000008002df4       0x1c Core/Src/schedule.o
                0x0000000008002df4                schedule::set_callback(void (*)())
 .text._ZN8schedule7loopingEv
                0x0000000008002e10       0x46 Core/Src/schedule.o
                0x0000000008002e10                schedule::looping()
 *fill*         0x0000000008002e56        0x2 
 .text.HAL_MspInit
                0x0000000008002e58       0x50 Core/Src/stm32f4xx_hal_msp.o
                0x0000000008002e58                HAL_MspInit
 .text.HAL_ADC_MspInit
                0x0000000008002ea8       0x88 Core/Src/stm32f4xx_hal_msp.o
                0x0000000008002ea8                HAL_ADC_MspInit
 .text.HAL_I2C_MspInit
                0x0000000008002f30       0x90 Core/Src/stm32f4xx_hal_msp.o
                0x0000000008002f30                HAL_I2C_MspInit
 .text.HAL_SPI_MspInit
                0x0000000008002fc0       0x90 Core/Src/stm32f4xx_hal_msp.o
                0x0000000008002fc0                HAL_SPI_MspInit
 .text.HAL_TIM_PWM_MspInit
                0x0000000008003050       0x44 Core/Src/stm32f4xx_hal_msp.o
                0x0000000008003050                HAL_TIM_PWM_MspInit
 .text.HAL_TIM_MspPostInit
                0x0000000008003094       0x74 Core/Src/stm32f4xx_hal_msp.o
                0x0000000008003094                HAL_TIM_MspPostInit
 .text.HAL_UART_MspInit
                0x0000000008003108      0x16c Core/Src/stm32f4xx_hal_msp.o
                0x0000000008003108                HAL_UART_MspInit
 .text.NMI_Handler
                0x0000000008003274        0x6 Core/Src/stm32f4xx_it.o
                0x0000000008003274                NMI_Handler
 .text.HardFault_Handler
                0x000000000800327a        0x6 Core/Src/stm32f4xx_it.o
                0x000000000800327a                HardFault_Handler
 .text.MemManage_Handler
                0x0000000008003280        0x6 Core/Src/stm32f4xx_it.o
                0x0000000008003280                MemManage_Handler
 .text.BusFault_Handler
                0x0000000008003286        0x6 Core/Src/stm32f4xx_it.o
                0x0000000008003286                BusFault_Handler
 .text.UsageFault_Handler
                0x000000000800328c        0x6 Core/Src/stm32f4xx_it.o
                0x000000000800328c                UsageFault_Handler
 .text.SVC_Handler
                0x0000000008003292        0xe Core/Src/stm32f4xx_it.o
                0x0000000008003292                SVC_Handler
 .text.DebugMon_Handler
                0x00000000080032a0        0xe Core/Src/stm32f4xx_it.o
                0x00000000080032a0                DebugMon_Handler
 .text.PendSV_Handler
                0x00000000080032ae        0xe Core/Src/stm32f4xx_it.o
                0x00000000080032ae                PendSV_Handler
 .text.SysTick_Handler
                0x00000000080032bc        0xc Core/Src/stm32f4xx_it.o
                0x00000000080032bc                SysTick_Handler
 .text.DMA1_Stream5_IRQHandler
                0x00000000080032c8       0x14 Core/Src/stm32f4xx_it.o
                0x00000000080032c8                DMA1_Stream5_IRQHandler
 .text.DMA1_Stream6_IRQHandler
                0x00000000080032dc       0x14 Core/Src/stm32f4xx_it.o
                0x00000000080032dc                DMA1_Stream6_IRQHandler
 .text.USART2_IRQHandler
                0x00000000080032f0       0x14 Core/Src/stm32f4xx_it.o
                0x00000000080032f0                USART2_IRQHandler
 .text.OTG_FS_IRQHandler
                0x0000000008003304       0x14 Core/Src/stm32f4xx_it.o
                0x0000000008003304                OTG_FS_IRQHandler
 .text._getpid  0x0000000008003318       0x10 Core/Src/syscalls.o
                0x0000000008003318                _getpid
 .text._kill    0x0000000008003328       0x20 Core/Src/syscalls.o
                0x0000000008003328                _kill
 .text._exit    0x0000000008003348       0x14 Core/Src/syscalls.o
                0x0000000008003348                _exit
 .text._sbrk    0x000000000800335c       0x6c Core/Src/sysmem.o
                0x000000000800335c                _sbrk
 .text.SystemInit
                0x00000000080033c8       0x2c Core/Src/system_stm32f4xx.o
                0x00000000080033c8                SystemInit
 .text.Reset_Handler
                0x00000000080033f4       0x50 Core/Startup/startup_stm32f407vgtx.o
                0x00000000080033f4                Reset_Handler
 .text.Default_Handler
                0x0000000008003444        0x2 Core/Startup/startup_stm32f407vgtx.o
                0x0000000008003444                RTC_Alarm_IRQHandler
                0x0000000008003444                HASH_RNG_IRQHandler
                0x0000000008003444                EXTI2_IRQHandler
                0x0000000008003444                TIM8_CC_IRQHandler
                0x0000000008003444                TIM1_CC_IRQHandler
                0x0000000008003444                DMA2_Stream5_IRQHandler
                0x0000000008003444                PVD_IRQHandler
                0x0000000008003444                SDIO_IRQHandler
                0x0000000008003444                TAMP_STAMP_IRQHandler
                0x0000000008003444                CAN2_RX1_IRQHandler
                0x0000000008003444                EXTI3_IRQHandler
                0x0000000008003444                TIM8_TRG_COM_TIM14_IRQHandler
                0x0000000008003444                TIM1_UP_TIM10_IRQHandler
                0x0000000008003444                TIM8_UP_TIM13_IRQHandler
                0x0000000008003444                I2C3_ER_IRQHandler
                0x0000000008003444                EXTI0_IRQHandler
                0x0000000008003444                I2C2_EV_IRQHandler
                0x0000000008003444                DMA1_Stream2_IRQHandler
                0x0000000008003444                CAN1_RX0_IRQHandler
                0x0000000008003444                FPU_IRQHandler
                0x0000000008003444                OTG_HS_WKUP_IRQHandler
                0x0000000008003444                CAN2_SCE_IRQHandler
                0x0000000008003444                DMA2_Stream2_IRQHandler
                0x0000000008003444                SPI1_IRQHandler
                0x0000000008003444                TIM6_DAC_IRQHandler
                0x0000000008003444                TIM1_BRK_TIM9_IRQHandler
                0x0000000008003444                DCMI_IRQHandler
                0x0000000008003444                CAN2_RX0_IRQHandler
                0x0000000008003444                DMA2_Stream3_IRQHandler
                0x0000000008003444                USART6_IRQHandler
                0x0000000008003444                USART3_IRQHandler
                0x0000000008003444                CAN1_RX1_IRQHandler
                0x0000000008003444                UART5_IRQHandler
                0x0000000008003444                DMA2_Stream0_IRQHandler
                0x0000000008003444                TIM4_IRQHandler
                0x0000000008003444                I2C1_EV_IRQHandler
                0x0000000008003444                DMA1_Stream1_IRQHandler
                0x0000000008003444                UART4_IRQHandler
                0x0000000008003444                TIM3_IRQHandler
                0x0000000008003444                RCC_IRQHandler
                0x0000000008003444                TIM8_BRK_TIM12_IRQHandler
                0x0000000008003444                Default_Handler
                0x0000000008003444                EXTI15_10_IRQHandler
                0x0000000008003444                ADC_IRQHandler
                0x0000000008003444                DMA1_Stream7_IRQHandler
                0x0000000008003444                TIM7_IRQHandler
                0x0000000008003444                CAN2_TX_IRQHandler
                0x0000000008003444                TIM5_IRQHandler
                0x0000000008003444                DMA2_Stream7_IRQHandler
                0x0000000008003444                I2C3_EV_IRQHandler
                0x0000000008003444                EXTI9_5_IRQHandler
                0x0000000008003444                RTC_WKUP_IRQHandler
                0x0000000008003444                ETH_WKUP_IRQHandler
                0x0000000008003444                SPI2_IRQHandler
                0x0000000008003444                OTG_HS_EP1_IN_IRQHandler
                0x0000000008003444                DMA1_Stream0_IRQHandler
                0x0000000008003444                CAN1_TX_IRQHandler
                0x0000000008003444                EXTI4_IRQHandler
                0x0000000008003444                FSMC_IRQHandler
                0x0000000008003444                ETH_IRQHandler
                0x0000000008003444                OTG_HS_EP1_OUT_IRQHandler
                0x0000000008003444                WWDG_IRQHandler
                0x0000000008003444                TIM2_IRQHandler
                0x0000000008003444                OTG_FS_WKUP_IRQHandler
                0x0000000008003444                TIM1_TRG_COM_TIM11_IRQHandler
                0x0000000008003444                OTG_HS_IRQHandler
                0x0000000008003444                EXTI1_IRQHandler
                0x0000000008003444                I2C2_ER_IRQHandler
                0x0000000008003444                DMA2_Stream1_IRQHandler
                0x0000000008003444                CAN1_SCE_IRQHandler
                0x0000000008003444                FLASH_IRQHandler
                0x0000000008003444                DMA2_Stream4_IRQHandler
                0x0000000008003444                USART1_IRQHandler
                0x0000000008003444                SPI3_IRQHandler
                0x0000000008003444                DMA1_Stream4_IRQHandler
                0x0000000008003444                I2C1_ER_IRQHandler
                0x0000000008003444                DMA2_Stream6_IRQHandler
                0x0000000008003444                DMA1_Stream3_IRQHandler
 *fill*         0x0000000008003446        0x2 
 .text.HAL_Init
                0x0000000008003448       0x44 Drivers/STM32F4xx_HAL_Driver/Src/stm32f4xx_hal.o
                0x0000000008003448                HAL_Init
 .text.HAL_InitTick
                0x000000000800348c       0x60 Drivers/STM32F4xx_HAL_Driver/Src/stm32f4xx_hal.o
                0x000000000800348c                HAL_InitTick
 .text.HAL_IncTick
                0x00000000080034ec       0x28 Drivers/STM32F4xx_HAL_Driver/Src/stm32f4xx_hal.o
                0x00000000080034ec                HAL_IncTick
 .text.HAL_GetTick
                0x0000000008003514       0x18 Drivers/STM32F4xx_HAL_Driver/Src/stm32f4xx_hal.o
                0x0000000008003514                HAL_GetTick
 .text.HAL_Delay
                0x000000000800352c       0x44 Drivers/STM32F4xx_HAL_Driver/Src/stm32f4xx_hal.o
                0x000000000800352c                HAL_Delay
 .text.HAL_ADC_Init
                0x0000000008003570       0x86 Drivers/STM32F4xx_HAL_Driver/Src/stm32f4xx_hal_adc.o
                0x0000000008003570                HAL_ADC_Init
 *fill*         0x00000000080035f6        0x2 
 .text.HAL_ADC_Start
                0x00000000080035f8      0x18c Drivers/STM32F4xx_HAL_Driver/Src/stm32f4xx_hal_adc.o
                0x00000000080035f8                HAL_ADC_Start
 .text.HAL_ADC_GetValue
                0x0000000008003784       0x1a Drivers/STM32F4xx_HAL_Driver/Src/stm32f4xx_hal_adc.o
                0x0000000008003784                HAL_ADC_GetValue
 *fill*         0x000000000800379e        0x2 
 .text.HAL_ADC_ConfigChannel
                0x00000000080037a0      0x244 Drivers/STM32F4xx_HAL_Driver/Src/stm32f4xx_hal_adc.o
                0x00000000080037a0                HAL_ADC_ConfigChannel
 .text.ADC_Init
                0x00000000080039e4      0x1f8 Drivers/STM32F4xx_HAL_Driver/Src/stm32f4xx_hal_adc.o
 .text.__NVIC_SetPriorityGrouping
                0x0000000008003bdc       0x48 Drivers/STM32F4xx_HAL_Driver/Src/stm32f4xx_hal_cortex.o
 .text.__NVIC_GetPriorityGrouping
                0x0000000008003c24       0x1c Drivers/STM32F4xx_HAL_Driver/Src/stm32f4xx_hal_cortex.o
 .text.__NVIC_EnableIRQ
                0x0000000008003c40       0x3c Drivers/STM32F4xx_HAL_Driver/Src/stm32f4xx_hal_cortex.o
 .text.__NVIC_SetPriority
                0x0000000008003c7c       0x54 Drivers/STM32F4xx_HAL_Driver/Src/stm32f4xx_hal_cortex.o
 .text.NVIC_EncodePriority
                0x0000000008003cd0       0x66 Drivers/STM32F4xx_HAL_Driver/Src/stm32f4xx_hal_cortex.o
 *fill*         0x0000000008003d36        0x2 
 .text.SysTick_Config
                0x0000000008003d38       0x44 Drivers/STM32F4xx_HAL_Driver/Src/stm32f4xx_hal_cortex.o
 .text.HAL_NVIC_SetPriorityGrouping
                0x0000000008003d7c       0x16 Drivers/STM32F4xx_HAL_Driver/Src/stm32f4xx_hal_cortex.o
                0x0000000008003d7c                HAL_NVIC_SetPriorityGrouping
 .text.HAL_NVIC_SetPriority
                0x0000000008003d92       0x38 Drivers/STM32F4xx_HAL_Driver/Src/stm32f4xx_hal_cortex.o
                0x0000000008003d92                HAL_NVIC_SetPriority
 .text.HAL_NVIC_EnableIRQ
                0x0000000008003dca       0x1c Drivers/STM32F4xx_HAL_Driver/Src/stm32f4xx_hal_cortex.o
                0x0000000008003dca                HAL_NVIC_EnableIRQ
 .text.HAL_SYSTICK_Config
                0x0000000008003de6       0x18 Drivers/STM32F4xx_HAL_Driver/Src/stm32f4xx_hal_cortex.o
                0x0000000008003de6                HAL_SYSTICK_Config
 *fill*         0x0000000008003dfe        0x2 
 .text.HAL_DMA_Init
                0x0000000008003e00      0x15c Drivers/STM32F4xx_HAL_Driver/Src/stm32f4xx_hal_dma.o
                0x0000000008003e00                HAL_DMA_Init
 .text.HAL_DMA_Start_IT
                0x0000000008003f5c       0xb0 Drivers/STM32F4xx_HAL_Driver/Src/stm32f4xx_hal_dma.o
                0x0000000008003f5c                HAL_DMA_Start_IT
 .text.HAL_DMA_Abort_IT
                0x000000000800400c       0x44 Drivers/STM32F4xx_HAL_Driver/Src/stm32f4xx_hal_dma.o
                0x000000000800400c                HAL_DMA_Abort_IT
 .text.HAL_DMA_IRQHandler
                0x0000000008004050      0x314 Drivers/STM32F4xx_HAL_Driver/Src/stm32f4xx_hal_dma.o
                0x0000000008004050                HAL_DMA_IRQHandler
 .text.DMA_SetConfig
                0x0000000008004364       0x5c Drivers/STM32F4xx_HAL_Driver/Src/stm32f4xx_hal_dma.o
 .text.DMA_CalcBaseAndBitshift
                0x00000000080043c0       0x6c Drivers/STM32F4xx_HAL_Driver/Src/stm32f4xx_hal_dma.o
 .text.DMA_CheckFifoParam
                0x000000000800442c       0xf4 Drivers/STM32F4xx_HAL_Driver/Src/stm32f4xx_hal_dma.o
 .text.HAL_GPIO_Init
                0x0000000008004520      0x334 Drivers/STM32F4xx_HAL_Driver/Src/stm32f4xx_hal_gpio.o
                0x0000000008004520                HAL_GPIO_Init
 .text.HAL_GPIO_ReadPin
                0x0000000008004854       0x30 Drivers/STM32F4xx_HAL_Driver/Src/stm32f4xx_hal_gpio.o
                0x0000000008004854                HAL_GPIO_ReadPin
 .text.HAL_GPIO_WritePin
                0x0000000008004884       0x32 Drivers/STM32F4xx_HAL_Driver/Src/stm32f4xx_hal_gpio.o
                0x0000000008004884                HAL_GPIO_WritePin
 *fill*         0x00000000080048b6        0x2 
 .text.HAL_I2C_Init
                0x00000000080048b8      0x270 Drivers/STM32F4xx_HAL_Driver/Src/stm32f4xx_hal_i2c.o
                0x00000000080048b8                HAL_I2C_Init
 .text.HAL_I2C_Master_Transmit
                0x0000000008004b28      0x1fc Drivers/STM32F4xx_HAL_Driver/Src/stm32f4xx_hal_i2c.o
                0x0000000008004b28                HAL_I2C_Master_Transmit
 .text.I2C_MasterRequestWrite
                0x0000000008004d24      0x104 Drivers/STM32F4xx_HAL_Driver/Src/stm32f4xx_hal_i2c.o
 .text.I2C_WaitOnFlagUntilTimeout
                0x0000000008004e28       0xae Drivers/STM32F4xx_HAL_Driver/Src/stm32f4xx_hal_i2c.o
 .text.I2C_WaitOnMasterAddressFlagUntilTimeout
                0x0000000008004ed6       0xfe Drivers/STM32F4xx_HAL_Driver/Src/stm32f4xx_hal_i2c.o
 .text.I2C_WaitOnTXEFlagUntilTimeout
                0x0000000008004fd4       0x82 Drivers/STM32F4xx_HAL_Driver/Src/stm32f4xx_hal_i2c.o
 .text.I2C_WaitOnBTFFlagUntilTimeout
                0x0000000008005056       0x82 Drivers/STM32F4xx_HAL_Driver/Src/stm32f4xx_hal_i2c.o
 .text.I2C_IsAcknowledgeFailed
                0x00000000080050d8       0x5e Drivers/STM32F4xx_HAL_Driver/Src/stm32f4xx_hal_i2c.o
 .text.HAL_PCD_Init
                0x0000000008005136      0x23a Drivers/STM32F4xx_HAL_Driver/Src/stm32f4xx_hal_pcd.o
                0x0000000008005136                HAL_PCD_Init
 .text.HAL_PCD_Start
                0x0000000008005370       0x66 Drivers/STM32F4xx_HAL_Driver/Src/stm32f4xx_hal_pcd.o
                0x0000000008005370                HAL_PCD_Start
 .text.HAL_PCD_IRQHandler
                0x00000000080053d6      0x764 Drivers/STM32F4xx_HAL_Driver/Src/stm32f4xx_hal_pcd.o
                0x00000000080053d6                HAL_PCD_IRQHandler
 .text.HAL_PCD_SetAddress
                0x0000000008005b3a       0x4a Drivers/STM32F4xx_HAL_Driver/Src/stm32f4xx_hal_pcd.o
                0x0000000008005b3a                HAL_PCD_SetAddress
 .text.HAL_PCD_EP_Open
                0x0000000008005b84       0xd0 Drivers/STM32F4xx_HAL_Driver/Src/stm32f4xx_hal_pcd.o
                0x0000000008005b84                HAL_PCD_EP_Open
 .text.HAL_PCD_EP_Close
                0x0000000008005c54       0x94 Drivers/STM32F4xx_HAL_Driver/Src/stm32f4xx_hal_pcd.o
                0x0000000008005c54                HAL_PCD_EP_Close
 .text.HAL_PCD_EP_Receive
                0x0000000008005ce8       0x96 Drivers/STM32F4xx_HAL_Driver/Src/stm32f4xx_hal_pcd.o
                0x0000000008005ce8                HAL_PCD_EP_Receive
 .text.HAL_PCD_EP_GetRxCount
                0x0000000008005d7e       0x30 Drivers/STM32F4xx_HAL_Driver/Src/stm32f4xx_hal_pcd.o
                0x0000000008005d7e                HAL_PCD_EP_GetRxCount
 .text.HAL_PCD_EP_Transmit
                0x0000000008005dae       0x94 Drivers/STM32F4xx_HAL_Driver/Src/stm32f4xx_hal_pcd.o
                0x0000000008005dae                HAL_PCD_EP_Transmit
 .text.HAL_PCD_EP_SetStall
                0x0000000008005e42       0xc8 Drivers/STM32F4xx_HAL_Driver/Src/stm32f4xx_hal_pcd.o
                0x0000000008005e42                HAL_PCD_EP_SetStall
 .text.HAL_PCD_EP_ClrStall
                0x0000000008005f0a       0xac Drivers/STM32F4xx_HAL_Driver/Src/stm32f4xx_hal_pcd.o
                0x0000000008005f0a                HAL_PCD_EP_ClrStall
 .text.PCD_WriteEmptyTxFifo
                0x0000000008005fb6      0x11a Drivers/STM32F4xx_HAL_Driver/Src/stm32f4xx_hal_pcd.o
 .text.PCD_EP_OutXfrComplete_int
                0x00000000080060d0      0x218 Drivers/STM32F4xx_HAL_Driver/Src/stm32f4xx_hal_pcd.o
 .text.PCD_EP_OutSetupPacket_int
                0x00000000080062e8       0x8c Drivers/STM32F4xx_HAL_Driver/Src/stm32f4xx_hal_pcd.o
 .text.HAL_PCDEx_SetTxFiFo
                0x0000000008006374       0x8e Drivers/STM32F4xx_HAL_Driver/Src/stm32f4xx_hal_pcd_ex.o
                0x0000000008006374                HAL_PCDEx_SetTxFiFo
 .text.HAL_PCDEx_SetRxFiFo
                0x0000000008006402       0x22 Drivers/STM32F4xx_HAL_Driver/Src/stm32f4xx_hal_pcd_ex.o
                0x0000000008006402                HAL_PCDEx_SetRxFiFo
 .text.HAL_PCDEx_LPM_Callback
                0x0000000008006424       0x18 Drivers/STM32F4xx_HAL_Driver/Src/stm32f4xx_hal_pcd_ex.o
                0x0000000008006424                HAL_PCDEx_LPM_Callback
 .text.HAL_RCC_OscConfig
                0x000000000800643c      0x4e0 Drivers/STM32F4xx_HAL_Driver/Src/stm32f4xx_hal_rcc.o
                0x000000000800643c                HAL_RCC_OscConfig
 .text.HAL_RCC_ClockConfig
                0x000000000800691c      0x1cc Drivers/STM32F4xx_HAL_Driver/Src/stm32f4xx_hal_rcc.o
                0x000000000800691c                HAL_RCC_ClockConfig
 .text.HAL_RCC_GetSysClockFreq
                0x0000000008006ae8      0x1b0 Drivers/STM32F4xx_HAL_Driver/Src/stm32f4xx_hal_rcc.o
                0x0000000008006ae8                HAL_RCC_GetSysClockFreq
 .text.HAL_RCC_GetHCLKFreq
                0x0000000008006c98       0x18 Drivers/STM32F4xx_HAL_Driver/Src/stm32f4xx_hal_rcc.o
                0x0000000008006c98                HAL_RCC_GetHCLKFreq
 .text.HAL_RCC_GetPCLK1Freq
                0x0000000008006cb0       0x28 Drivers/STM32F4xx_HAL_Driver/Src/stm32f4xx_hal_rcc.o
                0x0000000008006cb0                HAL_RCC_GetPCLK1Freq
 .text.HAL_RCC_GetPCLK2Freq
                0x0000000008006cd8       0x28 Drivers/STM32F4xx_HAL_Driver/Src/stm32f4xx_hal_rcc.o
                0x0000000008006cd8                HAL_RCC_GetPCLK2Freq
 .text.HAL_SPI_Init
                0x0000000008006d00       0xc8 Drivers/STM32F4xx_HAL_Driver/Src/stm32f4xx_hal_spi.o
                0x0000000008006d00                HAL_SPI_Init
 .text.HAL_SPI_Transmit
                0x0000000008006dc8      0x268 Drivers/STM32F4xx_HAL_Driver/Src/stm32f4xx_hal_spi.o
                0x0000000008006dc8                HAL_SPI_Transmit
 .text.HAL_SPI_Receive
                0x0000000008007030      0x212 Drivers/STM32F4xx_HAL_Driver/Src/stm32f4xx_hal_spi.o
                0x0000000008007030                HAL_SPI_Receive
 .text.HAL_SPI_TransmitReceive
                0x0000000008007242      0x344 Drivers/STM32F4xx_HAL_Driver/Src/stm32f4xx_hal_spi.o
                0x0000000008007242                HAL_SPI_TransmitReceive
 .text.SPI_WaitFlagStateUntilTimeout
                0x0000000008007586       0xd4 Drivers/STM32F4xx_HAL_Driver/Src/stm32f4xx_hal_spi.o
 .text.SPI_EndRxTransaction
                0x000000000800765a       0xca Drivers/STM32F4xx_HAL_Driver/Src/stm32f4xx_hal_spi.o
 .text.SPI_EndRxTxTransaction
                0x0000000008007724       0x84 Drivers/STM32F4xx_HAL_Driver/Src/stm32f4xx_hal_spi.o
 .text.HAL_TIM_PWM_Init
                0x00000000080077a8       0x56 Drivers/STM32F4xx_HAL_Driver/Src/stm32f4xx_hal_tim.o
                0x00000000080077a8                HAL_TIM_PWM_Init
 *fill*         0x00000000080077fe        0x2 
 .text.HAL_TIM_PWM_Start
                0x0000000008007800       0x7c Drivers/STM32F4xx_HAL_Driver/Src/stm32f4xx_hal_tim.o
                0x0000000008007800                HAL_TIM_PWM_Start
 .text.HAL_TIM_PWM_ConfigChannel
                0x000000000800787c      0x18c Drivers/STM32F4xx_HAL_Driver/Src/stm32f4xx_hal_tim.o
                0x000000000800787c                HAL_TIM_PWM_ConfigChannel
 .text.TIM_Base_SetConfig
                0x0000000008007a08      0x140 Drivers/STM32F4xx_HAL_Driver/Src/stm32f4xx_hal_tim.o
                0x0000000008007a08                TIM_Base_SetConfig
 .text.TIM_OC1_SetConfig
                0x0000000008007b48       0xe0 Drivers/STM32F4xx_HAL_Driver/Src/stm32f4xx_hal_tim.o
 .text.TIM_OC2_SetConfig
                0x0000000008007c28       0xec Drivers/STM32F4xx_HAL_Driver/Src/stm32f4xx_hal_tim.o
                0x0000000008007c28                TIM_OC2_SetConfig
 .text.TIM_OC3_SetConfig
                0x0000000008007d14       0xe8 Drivers/STM32F4xx_HAL_Driver/Src/stm32f4xx_hal_tim.o
 .text.TIM_OC4_SetConfig
                0x0000000008007dfc       0xac Drivers/STM32F4xx_HAL_Driver/Src/stm32f4xx_hal_tim.o
 .text.TIM_CCxChannelCmd
                0x0000000008007ea8       0x4a Drivers/STM32F4xx_HAL_Driver/Src/stm32f4xx_hal_tim.o
                0x0000000008007ea8                TIM_CCxChannelCmd
 *fill*         0x0000000008007ef2        0x2 
 .text.HAL_TIMEx_MasterConfigSynchronization
                0x0000000008007ef4       0xf8 Drivers/STM32F4xx_HAL_Driver/Src/stm32f4xx_hal_tim_ex.o
                0x0000000008007ef4                HAL_TIMEx_MasterConfigSynchronization
 .text.HAL_UART_Init
                0x0000000008007fec       0x9a Drivers/STM32F4xx_HAL_Driver/Src/stm32f4xx_hal_uart.o
                0x0000000008007fec                HAL_UART_Init
 *fill*         0x0000000008008086        0x2 
 .text.HAL_UART_Transmit_DMA
                0x0000000008008088       0xd8 Drivers/STM32F4xx_HAL_Driver/Src/stm32f4xx_hal_uart.o
                0x0000000008008088                HAL_UART_Transmit_DMA
 .text.HAL_UART_IRQHandler
                0x0000000008008160      0x200 Drivers/STM32F4xx_HAL_Driver/Src/stm32f4xx_hal_uart.o
                0x0000000008008160                HAL_UART_IRQHandler
 .text.HAL_UART_TxCpltCallback
                0x0000000008008360       0x14 Drivers/STM32F4xx_HAL_Driver/Src/stm32f4xx_hal_uart.o
                0x0000000008008360                HAL_UART_TxCpltCallback
 .text.HAL_UART_TxHalfCpltCallback
                0x0000000008008374       0x14 Drivers/STM32F4xx_HAL_Driver/Src/stm32f4xx_hal_uart.o
                0x0000000008008374                HAL_UART_TxHalfCpltCallback
 .text.HAL_UART_RxCpltCallback
                0x0000000008008388       0x14 Drivers/STM32F4xx_HAL_Driver/Src/stm32f4xx_hal_uart.o
                0x0000000008008388                HAL_UART_RxCpltCallback
 .text.HAL_UART_ErrorCallback
                0x000000000800839c       0x14 Drivers/STM32F4xx_HAL_Driver/Src/stm32f4xx_hal_uart.o
                0x000000000800839c                HAL_UART_ErrorCallback
 .text.UART_DMATransmitCplt
                0x00000000080083b0       0x52 Drivers/STM32F4xx_HAL_Driver/Src/stm32f4xx_hal_uart.o
 .text.UART_DMATxHalfCplt
                0x0000000008008402       0x1c Drivers/STM32F4xx_HAL_Driver/Src/stm32f4xx_hal_uart.o
 .text.UART_DMAError
                0x000000000800841e       0x94 Drivers/STM32F4xx_HAL_Driver/Src/stm32f4xx_hal_uart.o
 .text.UART_EndTxTransfer
                0x00000000080084b2       0x2c Drivers/STM32F4xx_HAL_Driver/Src/stm32f4xx_hal_uart.o
 .text.UART_EndRxTransfer
                0x00000000080084de       0x3c Drivers/STM32F4xx_HAL_Driver/Src/stm32f4xx_hal_uart.o
 .text.UART_DMAAbortOnError
                0x000000000800851a       0x28 Drivers/STM32F4xx_HAL_Driver/Src/stm32f4xx_hal_uart.o
 .text.UART_Transmit_IT
                0x0000000008008542       0xac Drivers/STM32F4xx_HAL_Driver/Src/stm32f4xx_hal_uart.o
 .text.UART_EndTransmit_IT
                0x00000000080085ee       0x30 Drivers/STM32F4xx_HAL_Driver/Src/stm32f4xx_hal_uart.o
 .text.UART_Receive_IT
                0x000000000800861e      0x102 Drivers/STM32F4xx_HAL_Driver/Src/stm32f4xx_hal_uart.o
 .text.UART_SetConfig
                0x0000000008008720      0x6f8 Drivers/STM32F4xx_HAL_Driver/Src/stm32f4xx_hal_uart.o
 .text.USB_CoreInit
                0x0000000008008e18       0xc2 Drivers/STM32F4xx_HAL_Driver/Src/stm32f4xx_ll_usb.o
                0x0000000008008e18                USB_CoreInit
 *fill*         0x0000000008008eda        0x2 
 .text.USB_SetTurnaroundTime
                0x0000000008008edc      0x144 Drivers/STM32F4xx_HAL_Driver/Src/stm32f4xx_ll_usb.o
                0x0000000008008edc                USB_SetTurnaroundTime
 .text.USB_EnableGlobalInt
                0x0000000008009020       0x22 Drivers/STM32F4xx_HAL_Driver/Src/stm32f4xx_ll_usb.o
                0x0000000008009020                USB_EnableGlobalInt
 .text.USB_DisableGlobalInt
                0x0000000008009042       0x22 Drivers/STM32F4xx_HAL_Driver/Src/stm32f4xx_ll_usb.o
                0x0000000008009042                USB_DisableGlobalInt
 .text.USB_SetCurrentMode
                0x0000000008009064       0x54 Drivers/STM32F4xx_HAL_Driver/Src/stm32f4xx_ll_usb.o
                0x0000000008009064                USB_SetCurrentMode
 .text.USB_DevInit
                0x00000000080090b8      0x2c8 Drivers/STM32F4xx_HAL_Driver/Src/stm32f4xx_ll_usb.o
                0x00000000080090b8                USB_DevInit
 .text.USB_FlushTxFifo
                0x0000000008009380       0x4c Drivers/STM32F4xx_HAL_Driver/Src/stm32f4xx_ll_usb.o
                0x0000000008009380                USB_FlushTxFifo
 .text.USB_FlushRxFifo
                0x00000000080093cc       0x44 Drivers/STM32F4xx_HAL_Driver/Src/stm32f4xx_ll_usb.o
                0x00000000080093cc                USB_FlushRxFifo
 .text.USB_SetDevSpeed
                0x0000000008009410       0x32 Drivers/STM32F4xx_HAL_Driver/Src/stm32f4xx_ll_usb.o
                0x0000000008009410                USB_SetDevSpeed
 .text.USB_GetDevSpeed
                0x0000000008009442       0x4a Drivers/STM32F4xx_HAL_Driver/Src/stm32f4xx_ll_usb.o
                0x0000000008009442                USB_GetDevSpeed
 .text.USB_ActivateEndpoint
                0x000000000800948c      0x10e Drivers/STM32F4xx_HAL_Driver/Src/stm32f4xx_ll_usb.o
                0x000000000800948c                USB_ActivateEndpoint
 *fill*         0x000000000800959a        0x2 
 .text.USB_DeactivateEndpoint
                0x000000000800959c      0x1b8 Drivers/STM32F4xx_HAL_Driver/Src/stm32f4xx_ll_usb.o
                0x000000000800959c                USB_DeactivateEndpoint
 .text.USB_EPStartXfer
                0x0000000008009754      0x488 Drivers/STM32F4xx_HAL_Driver/Src/stm32f4xx_ll_usb.o
                0x0000000008009754                USB_EPStartXfer
 .text.USB_EP0StartXfer
                0x0000000008009bdc      0x2a6 Drivers/STM32F4xx_HAL_Driver/Src/stm32f4xx_ll_usb.o
                0x0000000008009bdc                USB_EP0StartXfer
 .text.USB_WritePacket
                0x0000000008009e82       0x6a Drivers/STM32F4xx_HAL_Driver/Src/stm32f4xx_ll_usb.o
                0x0000000008009e82                USB_WritePacket
 .text.USB_ReadPacket
                0x0000000008009eec       0x52 Drivers/STM32F4xx_HAL_Driver/Src/stm32f4xx_ll_usb.o
                0x0000000008009eec                USB_ReadPacket
 .text.USB_EPSetStall
                0x0000000008009f3e       0xdc Drivers/STM32F4xx_HAL_Driver/Src/stm32f4xx_ll_usb.o
                0x0000000008009f3e                USB_EPSetStall
 .text.USB_EPClearStall
                0x000000000800a01a       0xcc Drivers/STM32F4xx_HAL_Driver/Src/stm32f4xx_ll_usb.o
                0x000000000800a01a                USB_EPClearStall
 .text.USB_SetDevAddress
                0x000000000800a0e6       0x4c Drivers/STM32F4xx_HAL_Driver/Src/stm32f4xx_ll_usb.o
                0x000000000800a0e6                USB_SetDevAddress
 .text.USB_DevConnect
                0x000000000800a132       0x42 Drivers/STM32F4xx_HAL_Driver/Src/stm32f4xx_ll_usb.o
                0x000000000800a132                USB_DevConnect
 .text.USB_DevDisconnect
                0x000000000800a174       0x42 Drivers/STM32F4xx_HAL_Driver/Src/stm32f4xx_ll_usb.o
                0x000000000800a174                USB_DevDisconnect
 .text.USB_ReadInterrupts
                0x000000000800a1b6       0x26 Drivers/STM32F4xx_HAL_Driver/Src/stm32f4xx_ll_usb.o
                0x000000000800a1b6                USB_ReadInterrupts
 .text.USB_ReadDevAllOutEpInterrupt
                0x000000000800a1dc       0x34 Drivers/STM32F4xx_HAL_Driver/Src/stm32f4xx_ll_usb.o
                0x000000000800a1dc                USB_ReadDevAllOutEpInterrupt
 .text.USB_ReadDevAllInEpInterrupt
                0x000000000800a210       0x34 Drivers/STM32F4xx_HAL_Driver/Src/stm32f4xx_ll_usb.o
                0x000000000800a210                USB_ReadDevAllInEpInterrupt
 .text.USB_ReadDevOutEPInterrupt
                0x000000000800a244       0x3c Drivers/STM32F4xx_HAL_Driver/Src/stm32f4xx_ll_usb.o
                0x000000000800a244                USB_ReadDevOutEPInterrupt
 .text.USB_ReadDevInEPInterrupt
                0x000000000800a280       0x5c Drivers/STM32F4xx_HAL_Driver/Src/stm32f4xx_ll_usb.o
                0x000000000800a280                USB_ReadDevInEPInterrupt
 .text.USB_GetMode
                0x000000000800a2dc       0x1c Drivers/STM32F4xx_HAL_Driver/Src/stm32f4xx_ll_usb.o
                0x000000000800a2dc                USB_GetMode
 .text.USB_ActivateSetup
                0x000000000800a2f8       0x46 Drivers/STM32F4xx_HAL_Driver/Src/stm32f4xx_ll_usb.o
                0x000000000800a2f8                USB_ActivateSetup
 *fill*         0x000000000800a33e        0x2 
 .text.USB_EP0_OutStart
                0x000000000800a340       0xbc Drivers/STM32F4xx_HAL_Driver/Src/stm32f4xx_ll_usb.o
                0x000000000800a340                USB_EP0_OutStart
 .text.USB_CoreReset
                0x000000000800a3fc       0x68 Drivers/STM32F4xx_HAL_Driver/Src/stm32f4xx_ll_usb.o
 .text.USBD_CDC_Init
                0x000000000800a464      0x100 Middlewares/ST/STM32_USB_Device_Library/Class/CDC/Src/usbd_cdc.o
 .text.USBD_CDC_DeInit
                0x000000000800a564       0x78 Middlewares/ST/STM32_USB_Device_Library/Class/CDC/Src/usbd_cdc.o
 .text.USBD_CDC_Setup
                0x000000000800a5dc      0x178 Middlewares/ST/STM32_USB_Device_Library/Class/CDC/Src/usbd_cdc.o
 .text.USBD_CDC_DataIn
                0x000000000800a754       0xbe Middlewares/ST/STM32_USB_Device_Library/Class/CDC/Src/usbd_cdc.o
 .text.USBD_CDC_DataOut
                0x000000000800a812       0x56 Middlewares/ST/STM32_USB_Device_Library/Class/CDC/Src/usbd_cdc.o
 .text.USBD_CDC_EP0_RxReady
                0x000000000800a868       0x50 Middlewares/ST/STM32_USB_Device_Library/Class/CDC/Src/usbd_cdc.o
 .text.USBD_CDC_GetFSCfgDesc
                0x000000000800a8b8       0x20 Middlewares/ST/STM32_USB_Device_Library/Class/CDC/Src/usbd_cdc.o
 .text.USBD_CDC_GetHSCfgDesc
                0x000000000800a8d8       0x20 Middlewares/ST/STM32_USB_Device_Library/Class/CDC/Src/usbd_cdc.o
 .text.USBD_CDC_GetOtherSpeedCfgDesc
                0x000000000800a8f8       0x20 Middlewares/ST/STM32_USB_Device_Library/Class/CDC/Src/usbd_cdc.o
 .text.USBD_CDC_GetDeviceQualifierDescriptor
                0x000000000800a918       0x20 Middlewares/ST/STM32_USB_Device_Library/Class/CDC/Src/usbd_cdc.o
                0x000000000800a918                USBD_CDC_GetDeviceQualifierDescriptor
 .text.USBD_CDC_RegisterInterface
                0x000000000800a938       0x2a Middlewares/ST/STM32_USB_Device_Library/Class/CDC/Src/usbd_cdc.o
                0x000000000800a938                USBD_CDC_RegisterInterface
 .text.USBD_CDC_SetTxBuffer
                0x000000000800a962       0x32 Middlewares/ST/STM32_USB_Device_Library/Class/CDC/Src/usbd_cdc.o
                0x000000000800a962                USBD_CDC_SetTxBuffer
 .text.USBD_CDC_SetRxBuffer
                0x000000000800a994       0x28 Middlewares/ST/STM32_USB_Device_Library/Class/CDC/Src/usbd_cdc.o
                0x000000000800a994                USBD_CDC_SetRxBuffer
 .text.USBD_CDC_ReceivePacket
                0x000000000800a9bc       0x54 Middlewares/ST/STM32_USB_Device_Library/Class/CDC/Src/usbd_cdc.o
                0x000000000800a9bc                USBD_CDC_ReceivePacket
 .text.USBD_Init
                0x000000000800aa10       0x6c Middlewares/ST/STM32_USB_Device_Library/Core/Src/usbd_core.o
                0x000000000800aa10                USBD_Init
 .text.USBD_RegisterClass
                0x000000000800aa7c       0x42 Middlewares/ST/STM32_USB_Device_Library/Core/Src/usbd_core.o
                0x000000000800aa7c                USBD_RegisterClass
 .text.USBD_Start
                0x000000000800aabe       0x18 Middlewares/ST/STM32_USB_Device_Library/Core/Src/usbd_core.o
                0x000000000800aabe                USBD_Start
 .text.USBD_RunTestMode
                0x000000000800aad6       0x16 Middlewares/ST/STM32_USB_Device_Library/Core/Src/usbd_core.o
                0x000000000800aad6                USBD_RunTestMode
 .text.USBD_SetClassConfig
                0x000000000800aaec       0x38 Middlewares/ST/STM32_USB_Device_Library/Core/Src/usbd_core.o
                0x000000000800aaec                USBD_SetClassConfig
 .text.USBD_ClrClassConfig
                0x000000000800ab24       0x30 Middlewares/ST/STM32_USB_Device_Library/Core/Src/usbd_core.o
                0x000000000800ab24                USBD_ClrClassConfig
 .text.USBD_LL_SetupStage
                0x000000000800ab54       0xa6 Middlewares/ST/STM32_USB_Device_Library/Core/Src/usbd_core.o
                0x000000000800ab54                USBD_LL_SetupStage
 .text.USBD_LL_DataOutStage
                0x000000000800abfa       0xc6 Middlewares/ST/STM32_USB_Device_Library/Core/Src/usbd_core.o
                0x000000000800abfa                USBD_LL_DataOutStage
 .text.USBD_LL_DataInStage
                0x000000000800acc0      0x12c Middlewares/ST/STM32_USB_Device_Library/Core/Src/usbd_core.o
                0x000000000800acc0                USBD_LL_DataInStage
 .text.USBD_LL_Reset
                0x000000000800adec       0x82 Middlewares/ST/STM32_USB_Device_Library/Core/Src/usbd_core.o
                0x000000000800adec                USBD_LL_Reset
 .text.USBD_LL_SetSpeed
                0x000000000800ae6e       0x20 Middlewares/ST/STM32_USB_Device_Library/Core/Src/usbd_core.o
                0x000000000800ae6e                USBD_LL_SetSpeed
 .text.USBD_LL_Suspend
                0x000000000800ae8e       0x2a Middlewares/ST/STM32_USB_Device_Library/Core/Src/usbd_core.o
                0x000000000800ae8e                USBD_LL_Suspend
 .text.USBD_LL_Resume
                0x000000000800aeb8       0x2c Middlewares/ST/STM32_USB_Device_Library/Core/Src/usbd_core.o
                0x000000000800aeb8                USBD_LL_Resume
 .text.USBD_LL_SOF
                0x000000000800aee4       0x34 Middlewares/ST/STM32_USB_Device_Library/Core/Src/usbd_core.o
                0x000000000800aee4                USBD_LL_SOF
 .text.USBD_LL_IsoINIncomplete
                0x000000000800af18       0x1a Middlewares/ST/STM32_USB_Device_Library/Core/Src/usbd_core.o
                0x000000000800af18                USBD_LL_IsoINIncomplete
 .text.USBD_LL_IsoOUTIncomplete
                0x000000000800af32       0x1a Middlewares/ST/STM32_USB_Device_Library/Core/Src/usbd_core.o
                0x000000000800af32                USBD_LL_IsoOUTIncomplete
 .text.USBD_LL_DevConnected
                0x000000000800af4c       0x16 Middlewares/ST/STM32_USB_Device_Library/Core/Src/usbd_core.o
                0x000000000800af4c                USBD_LL_DevConnected
 .text.USBD_LL_DevDisconnected
                0x000000000800af62       0x38 Middlewares/ST/STM32_USB_Device_Library/Core/Src/usbd_core.o
                0x000000000800af62                USBD_LL_DevDisconnected
 .text.SWAPBYTE
                0x000000000800af9a       0x3c Middlewares/ST/STM32_USB_Device_Library/Core/Src/usbd_ctlreq.o
 *fill*         0x000000000800afd6        0x2 
 .text.USBD_StdDevReq
                0x000000000800afd8       0xdc Middlewares/ST/STM32_USB_Device_Library/Core/Src/usbd_ctlreq.o
                0x000000000800afd8                USBD_StdDevReq
 .text.USBD_StdItfReq
                0x000000000800b0b4       0x8c Middlewares/ST/STM32_USB_Device_Library/Core/Src/usbd_ctlreq.o
                0x000000000800b0b4                USBD_StdItfReq
 .text.USBD_StdEPReq
                0x000000000800b140      0x2aa Middlewares/ST/STM32_USB_Device_Library/Core/Src/usbd_ctlreq.o
                0x000000000800b140                USBD_StdEPReq
 *fill*         0x000000000800b3ea        0x2 
 .text.USBD_GetDescriptor
                0x000000000800b3ec      0x2d4 Middlewares/ST/STM32_USB_Device_Library/Core/Src/usbd_ctlreq.o
 .text.USBD_SetAddress
                0x000000000800b6c0       0x84 Middlewares/ST/STM32_USB_Device_Library/Core/Src/usbd_ctlreq.o
 .text.USBD_SetConfig
                0x000000000800b744      0x148 Middlewares/ST/STM32_USB_Device_Library/Core/Src/usbd_ctlreq.o
 .text.USBD_GetConfig
                0x000000000800b88c       0x68 Middlewares/ST/STM32_USB_Device_Library/Core/Src/usbd_ctlreq.o
 .text.USBD_GetStatus
                0x000000000800b8f4       0x66 Middlewares/ST/STM32_USB_Device_Library/Core/Src/usbd_ctlreq.o
 .text.USBD_SetFeature
                0x000000000800b95a       0x28 Middlewares/ST/STM32_USB_Device_Library/Core/Src/usbd_ctlreq.o
 .text.USBD_ClrFeature
                0x000000000800b982       0x42 Middlewares/ST/STM32_USB_Device_Library/Core/Src/usbd_ctlreq.o
 .text.USBD_ParseSetupRequest
                0x000000000800b9c4       0x74 Middlewares/ST/STM32_USB_Device_Library/Core/Src/usbd_ctlreq.o
                0x000000000800b9c4                USBD_ParseSetupRequest
 .text.USBD_CtlError
                0x000000000800ba38       0x22 Middlewares/ST/STM32_USB_Device_Library/Core/Src/usbd_ctlreq.o
                0x000000000800ba38                USBD_CtlError
 .text.USBD_GetString
                0x000000000800ba5a       0x8c Middlewares/ST/STM32_USB_Device_Library/Core/Src/usbd_ctlreq.o
                0x000000000800ba5a                USBD_GetString
 .text.USBD_GetLen
                0x000000000800bae6       0x34 Middlewares/ST/STM32_USB_Device_Library/Core/Src/usbd_ctlreq.o
 .text.USBD_CtlSendData
                0x000000000800bb1a       0x36 Middlewares/ST/STM32_USB_Device_Library/Core/Src/usbd_ioreq.o
                0x000000000800bb1a                USBD_CtlSendData
 .text.USBD_CtlContinueSendData
                0x000000000800bb50       0x22 Middlewares/ST/STM32_USB_Device_Library/Core/Src/usbd_ioreq.o
                0x000000000800bb50                USBD_CtlContinueSendData
 .text.USBD_CtlPrepareRx
                0x000000000800bb72       0x3a Middlewares/ST/STM32_USB_Device_Library/Core/Src/usbd_ioreq.o
                0x000000000800bb72                USBD_CtlPrepareRx
 .text.USBD_CtlContinueRx
                0x000000000800bbac       0x22 Middlewares/ST/STM32_USB_Device_Library/Core/Src/usbd_ioreq.o
                0x000000000800bbac                USBD_CtlContinueRx
 .text.USBD_CtlSendStatus
                0x000000000800bbce       0x26 Middlewares/ST/STM32_USB_Device_Library/Core/Src/usbd_ioreq.o
                0x000000000800bbce                USBD_CtlSendStatus
 .text.USBD_CtlReceiveStatus
                0x000000000800bbf4       0x26 Middlewares/ST/STM32_USB_Device_Library/Core/Src/usbd_ioreq.o
                0x000000000800bbf4                USBD_CtlReceiveStatus
 *fill*         0x000000000800bc1a        0x2 
 .text.MX_USB_DEVICE_Init
                0x000000000800bc1c       0x60 USB_DEVICE/App/usb_device.o
                0x000000000800bc1c                MX_USB_DEVICE_Init
 .text.CDC_Init_FS
                0x000000000800bc7c       0x28 USB_DEVICE/App/usbd_cdc_if.o
 .text.CDC_DeInit_FS
                0x000000000800bca4       0x10 USB_DEVICE/App/usbd_cdc_if.o
 .text.CDC_Control_FS
                0x000000000800bcb4       0xbc USB_DEVICE/App/usbd_cdc_if.o
 .text.CDC_Receive_FS
                0x000000000800bd70       0x28 USB_DEVICE/App/usbd_cdc_if.o
 .text.CDC_TransmitCplt_FS
                0x000000000800bd98       0x22 USB_DEVICE/App/usbd_cdc_if.o
 *fill*         0x000000000800bdba        0x2 
 .text.USBD_FS_DeviceDescriptor
                0x000000000800bdbc       0x24 USB_DEVICE/App/usbd_desc.o
                0x000000000800bdbc                USBD_FS_DeviceDescriptor
 .text.USBD_FS_LangIDStrDescriptor
                0x000000000800bde0       0x24 USB_DEVICE/App/usbd_desc.o
                0x000000000800bde0                USBD_FS_LangIDStrDescriptor
 .text.USBD_FS_ProductStrDescriptor
                0x000000000800be04       0x3c USB_DEVICE/App/usbd_desc.o
                0x000000000800be04                USBD_FS_ProductStrDescriptor
 .text.USBD_FS_ManufacturerStrDescriptor
                0x000000000800be40       0x28 USB_DEVICE/App/usbd_desc.o
                0x000000000800be40                USBD_FS_ManufacturerStrDescriptor
 .text.USBD_FS_SerialStrDescriptor
                0x000000000800be68       0x24 USB_DEVICE/App/usbd_desc.o
                0x000000000800be68                USBD_FS_SerialStrDescriptor
 .text.USBD_FS_ConfigStrDescriptor
                0x000000000800be8c       0x3c USB_DEVICE/App/usbd_desc.o
                0x000000000800be8c                USBD_FS_ConfigStrDescriptor
 .text.USBD_FS_InterfaceStrDescriptor
                0x000000000800bec8       0x3c USB_DEVICE/App/usbd_desc.o
                0x000000000800bec8                USBD_FS_InterfaceStrDescriptor
 .text.Get_SerialNum
                0x000000000800bf04       0x58 USB_DEVICE/App/usbd_desc.o
 .text.IntToUnicode
                0x000000000800bf5c       0x7c USB_DEVICE/App/usbd_desc.o
 .text.HAL_PCD_MspInit
                0x000000000800bfd8       0xa8 USB_DEVICE/Target/usbd_conf.o
                0x000000000800bfd8                HAL_PCD_MspInit
 .text.HAL_PCD_SetupStageCallback
                0x000000000800c080       0x24 USB_DEVICE/Target/usbd_conf.o
                0x000000000800c080                HAL_PCD_SetupStageCallback
 .text.HAL_PCD_DataOutStageCallback
                0x000000000800c0a4       0x36 USB_DEVICE/Target/usbd_conf.o
                0x000000000800c0a4                HAL_PCD_DataOutStageCallback
 .text.HAL_PCD_DataInStageCallback
                0x000000000800c0da       0x34 USB_DEVICE/Target/usbd_conf.o
                0x000000000800c0da                HAL_PCD_DataInStageCallback
 .text.HAL_PCD_SOFCallback
                0x000000000800c10e       0x1c USB_DEVICE/Target/usbd_conf.o
                0x000000000800c10e                HAL_PCD_SOFCallback
 .text.HAL_PCD_ResetCallback
                0x000000000800c12a       0x50 USB_DEVICE/Target/usbd_conf.o
                0x000000000800c12a                HAL_PCD_ResetCallback
 *fill*         0x000000000800c17a        0x2 
 .text.HAL_PCD_SuspendCallback
                0x000000000800c17c       0x4c USB_DEVICE/Target/usbd_conf.o
                0x000000000800c17c                HAL_PCD_SuspendCallback
 .text.HAL_PCD_ResumeCallback
                0x000000000800c1c8       0x1c USB_DEVICE/Target/usbd_conf.o
                0x000000000800c1c8                HAL_PCD_ResumeCallback
 .text.HAL_PCD_ISOOUTIncompleteCallback
                0x000000000800c1e4       0x24 USB_DEVICE/Target/usbd_conf.o
                0x000000000800c1e4                HAL_PCD_ISOOUTIncompleteCallback
 .text.HAL_PCD_ISOINIncompleteCallback
                0x000000000800c208       0x24 USB_DEVICE/Target/usbd_conf.o
                0x000000000800c208                HAL_PCD_ISOINIncompleteCallback
 .text.HAL_PCD_ConnectCallback
                0x000000000800c22c       0x1c USB_DEVICE/Target/usbd_conf.o
                0x000000000800c22c                HAL_PCD_ConnectCallback
 .text.HAL_PCD_DisconnectCallback
                0x000000000800c248       0x1c USB_DEVICE/Target/usbd_conf.o
                0x000000000800c248                HAL_PCD_DisconnectCallback
 .text.USBD_LL_Init
                0x000000000800c264       0x98 USB_DEVICE/Target/usbd_conf.o
                0x000000000800c264                USBD_LL_Init
 .text.USBD_LL_Start
                0x000000000800c2fc       0x36 USB_DEVICE/Target/usbd_conf.o
                0x000000000800c2fc                USBD_LL_Start
 .text.USBD_LL_OpenEP
                0x000000000800c332       0x4c USB_DEVICE/Target/usbd_conf.o
                0x000000000800c332                USBD_LL_OpenEP
 .text.USBD_LL_CloseEP
                0x000000000800c37e       0x3e USB_DEVICE/Target/usbd_conf.o
                0x000000000800c37e                USBD_LL_CloseEP
 .text.USBD_LL_StallEP
                0x000000000800c3bc       0x3e USB_DEVICE/Target/usbd_conf.o
                0x000000000800c3bc                USBD_LL_StallEP
 .text.USBD_LL_ClearStallEP
                0x000000000800c3fa       0x3e USB_DEVICE/Target/usbd_conf.o
                0x000000000800c3fa                USBD_LL_ClearStallEP
 .text.USBD_LL_IsStallEP
                0x000000000800c438       0x58 USB_DEVICE/Target/usbd_conf.o
                0x000000000800c438                USBD_LL_IsStallEP
 .text.USBD_LL_SetUSBAddress
                0x000000000800c490       0x3e USB_DEVICE/Target/usbd_conf.o
                0x000000000800c490                USBD_LL_SetUSBAddress
 .text.USBD_LL_Transmit
                0x000000000800c4ce       0x42 USB_DEVICE/Target/usbd_conf.o
                0x000000000800c4ce                USBD_LL_Transmit
 .text.USBD_LL_PrepareReceive
                0x000000000800c510       0x42 USB_DEVICE/Target/usbd_conf.o
                0x000000000800c510                USBD_LL_PrepareReceive
 .text.USBD_LL_GetRxDataSize
                0x000000000800c552       0x26 USB_DEVICE/Target/usbd_conf.o
                0x000000000800c552                USBD_LL_GetRxDataSize
 .text.USBD_Get_USB_Status
                0x000000000800c578       0x58 USB_DEVICE/Target/usbd_conf.o
                0x000000000800c578                USBD_Get_USB_Status
 .text._Znwj    0x000000000800c5d0       0x22 c:/st/stm32cubeide_1.3.0/stm32cubeide/plugins/com.st.stm32cube.ide.mcu.externaltools.gnu-tools-for-stm32.7-2018-q2-update.win32_1.5.0.202011040924/tools/bin/../lib/gcc/arm-none-eabi/7.3.1/../../../../arm-none-eabi/lib/thumb/v7e-m/fpv4-sp/hard\libstdc++_nano.a(new_op.o)
                0x000000000800c5d0                operator new(unsigned int)
 *fill*         0x000000000800c5f2        0x2 
 .text._ZSt15get_new_handlerv
                0x000000000800c5f4       0x10 c:/st/stm32cubeide_1.3.0/stm32cubeide/plugins/com.st.stm32cube.ide.mcu.externaltools.gnu-tools-for-stm32.7-2018-q2-update.win32_1.5.0.202011040924/tools/bin/../lib/gcc/arm-none-eabi/7.3.1/../../../../arm-none-eabi/lib/thumb/v7e-m/fpv4-sp/hard\libstdc++_nano.a(new_handler.o)
                0x000000000800c5f4                std::get_new_handler()
 .text._ZdlPv   0x000000000800c604        0x4 c:/st/stm32cubeide_1.3.0/stm32cubeide/plugins/com.st.stm32cube.ide.mcu.externaltools.gnu-tools-for-stm32.7-2018-q2-update.win32_1.5.0.202011040924/tools/bin/../lib/gcc/arm-none-eabi/7.3.1/../../../../arm-none-eabi/lib/thumb/v7e-m/fpv4-sp/hard\libstdc++_nano.a(del_op.o)
                0x000000000800c604                operator delete(void*)
 .text._ZNSaIcEC2Ev
                0x000000000800c608        0x2 c:/st/stm32cubeide_1.3.0/stm32cubeide/plugins/com.st.stm32cube.ide.mcu.externaltools.gnu-tools-for-stm32.7-2018-q2-update.win32_1.5.0.202011040924/tools/bin/../lib/gcc/arm-none-eabi/7.3.1/../../../../arm-none-eabi/lib/thumb/v7e-m/fpv4-sp/hard\libstdc++_nano.a(allocator-inst.o)
                0x000000000800c608                std::allocator<char>::allocator()
                0x000000000800c608                std::allocator<char>::allocator()
 .text._ZNSaIcED2Ev
                0x000000000800c60a        0x2 c:/st/stm32cubeide_1.3.0/stm32cubeide/plugins/com.st.stm32cube.ide.mcu.externaltools.gnu-tools-for-stm32.7-2018-q2-update.win32_1.5.0.202011040924/tools/bin/../lib/gcc/arm-none-eabi/7.3.1/../../../../arm-none-eabi/lib/thumb/v7e-m/fpv4-sp/hard\libstdc++_nano.a(allocator-inst.o)
                0x000000000800c60a                std::allocator<char>::~allocator()
                0x000000000800c60a                std::allocator<char>::~allocator()
 .text._ZSt17__throw_bad_allocv
                0x000000000800c60c        0x6 c:/st/stm32cubeide_1.3.0/stm32cubeide/plugins/com.st.stm32cube.ide.mcu.externaltools.gnu-tools-for-stm32.7-2018-q2-update.win32_1.5.0.202011040924/tools/bin/../lib/gcc/arm-none-eabi/7.3.1/../../../../arm-none-eabi/lib/thumb/v7e-m/fpv4-sp/hard\libstdc++_nano.a(functexcept.o)
                0x000000000800c60c                std::__throw_bad_alloc()
 .text._ZSt19__throw_logic_errorPKc
                0x000000000800c612        0x6 c:/st/stm32cubeide_1.3.0/stm32cubeide/plugins/com.st.stm32cube.ide.mcu.externaltools.gnu-tools-for-stm32.7-2018-q2-update.win32_1.5.0.202011040924/tools/bin/../lib/gcc/arm-none-eabi/7.3.1/../../../../arm-none-eabi/lib/thumb/v7e-m/fpv4-sp/hard\libstdc++_nano.a(functexcept.o)
                0x000000000800c612                std::__throw_logic_error(char const*)
 .text._ZSt20__throw_length_errorPKc
                0x000000000800c618        0x6 c:/st/stm32cubeide_1.3.0/stm32cubeide/plugins/com.st.stm32cube.ide.mcu.externaltools.gnu-tools-for-stm32.7-2018-q2-update.win32_1.5.0.202011040924/tools/bin/../lib/gcc/arm-none-eabi/7.3.1/../../../../arm-none-eabi/lib/thumb/v7e-m/fpv4-sp/hard\libstdc++_nano.a(functexcept.o)
                0x000000000800c618                std::__throw_length_error(char const*)
 .text._ZSt24__throw_out_of_range_fmtPKcz
                0x000000000800c61e       0x36 c:/st/stm32cubeide_1.3.0/stm32cubeide/plugins/com.st.stm32cube.ide.mcu.externaltools.gnu-tools-for-stm32.7-2018-q2-update.win32_1.5.0.202011040924/tools/bin/../lib/gcc/arm-none-eabi/7.3.1/../../../../arm-none-eabi/lib/thumb/v7e-m/fpv4-sp/hard\libstdc++_nano.a(functexcept.o)
                0x000000000800c61e                std::__throw_out_of_range_fmt(char const*, ...)
 .text._ZN9__gnu_cxx26__throw_insufficient_spaceEPKcS1_
                0x000000000800c654       0x4c c:/st/stm32cubeide_1.3.0/stm32cubeide/plugins/com.st.stm32cube.ide.mcu.externaltools.gnu-tools-for-stm32.7-2018-q2-update.win32_1.5.0.202011040924/tools/bin/../lib/gcc/arm-none-eabi/7.3.1/../../../../arm-none-eabi/lib/thumb/v7e-m/fpv4-sp/hard\libstdc++_nano.a(snprintf_lite.o)
                0x000000000800c654                __gnu_cxx::__throw_insufficient_space(char const*, char const*)
 .text._ZN9__gnu_cxx15__concat_size_tEPcjj
                0x000000000800c6a0       0x50 c:/st/stm32cubeide_1.3.0/stm32cubeide/plugins/com.st.stm32cube.ide.mcu.externaltools.gnu-tools-for-stm32.7-2018-q2-update.win32_1.5.0.202011040924/tools/bin/../lib/gcc/arm-none-eabi/7.3.1/../../../../arm-none-eabi/lib/thumb/v7e-m/fpv4-sp/hard\libstdc++_nano.a(snprintf_lite.o)
                0x000000000800c6a0                __gnu_cxx::__concat_size_t(char*, unsigned int, unsigned int)
 .text._ZN9__gnu_cxx15__snprintf_liteEPcjPKcSt9__va_list
                0x000000000800c6f0       0x80 c:/st/stm32cubeide_1.3.0/stm32cubeide/plugins/com.st.stm32cube.ide.mcu.externaltools.gnu-tools-for-stm32.7-2018-q2-update.win32_1.5.0.202011040924/tools/bin/../lib/gcc/arm-none-eabi/7.3.1/../../../../arm-none-eabi/lib/thumb/v7e-m/fpv4-sp/hard\libstdc++_nano.a(snprintf_lite.o)
                0x000000000800c6f0                __gnu_cxx::__snprintf_lite(char*, unsigned int, char const*, std::__va_list)
 .text.sin      0x000000000800c770       0x90 c:/st/stm32cubeide_1.3.0/stm32cubeide/plugins/com.st.stm32cube.ide.mcu.externaltools.gnu-tools-for-stm32.7-2018-q2-update.win32_1.5.0.202011040924/tools/bin/../lib/gcc/arm-none-eabi/7.3.1/../../../../arm-none-eabi/lib/thumb/v7e-m/fpv4-sp/hard\libm.a(lib_a-s_sin.o)
                0x000000000800c770                sin
 .text.__ieee754_rem_pio2
                0x000000000800c800      0x3e4 c:/st/stm32cubeide_1.3.0/stm32cubeide/plugins/com.st.stm32cube.ide.mcu.externaltools.gnu-tools-for-stm32.7-2018-q2-update.win32_1.5.0.202011040924/tools/bin/../lib/gcc/arm-none-eabi/7.3.1/../../../../arm-none-eabi/lib/thumb/v7e-m/fpv4-sp/hard\libm.a(lib_a-e_rem_pio2.o)
                0x000000000800c800                __ieee754_rem_pio2
 *fill*         0x000000000800cbe4        0x4 
 .text.__kernel_cos
                0x000000000800cbe8      0x18c c:/st/stm32cubeide_1.3.0/stm32cubeide/plugins/com.st.stm32cube.ide.mcu.externaltools.gnu-tools-for-stm32.7-2018-q2-update.win32_1.5.0.202011040924/tools/bin/../lib/gcc/arm-none-eabi/7.3.1/../../../../arm-none-eabi/lib/thumb/v7e-m/fpv4-sp/hard\libm.a(lib_a-k_cos.o)
                0x000000000800cbe8                __kernel_cos
 *fill*         0x000000000800cd74        0x4 
 .text.__kernel_rem_pio2